2026-06-03 03:26:40.288 | info     |             UMD | Creating TopologyDiscovery for architecture: blackhole (topology_discovery.cpp:73)
2026-06-03 03:26:40.290 | warning  |             UMD | Low power mode is disabled while UMD holds open file descriptors. The device will return to low power mode once all file descriptors are closed. (topology_discovery.cpp:141)
2026-06-03 03:26:40.291 | info     |             UMD | Established firmware bundle version: 19.8.0 (topology_discovery.cpp:537)
2026-06-03 03:26:40.291 | info     |             UMD | Firmware bundle version 19.8.0 on the system is newer than the latest fully tested version 19.5.0 for blackhole architecture. Newest features may not be supported. (topology_discovery.cpp:569)
2026-06-03 03:26:40.294 | warning  |             UMD | Low power mode is disabled while UMD holds open file descriptors. The device will return to low power mode once all file descriptors are closed. (topology_discovery.cpp:141)
2026-06-03 03:26:40.298 | info     |          Device | Opening user mode device driver (tt_cluster.cpp:225)
2026-06-03 03:26:40.299 | info     |             UMD | Creating TopologyDiscovery for architecture: blackhole (topology_discovery.cpp:73)
2026-06-03 03:26:40.301 | warning  |             UMD | Low power mode is disabled while UMD holds open file descriptors. The device will return to low power mode once all file descriptors are closed. (topology_discovery.cpp:141)
2026-06-03 03:26:40.302 | info     |             UMD | Established firmware bundle version: 19.8.0 (topology_discovery.cpp:537)
2026-06-03 03:26:40.302 | info     |             UMD | Firmware bundle version 19.8.0 on the system is newer than the latest fully tested version 19.5.0 for blackhole architecture. Newest features may not be supported. (topology_discovery.cpp:569)
2026-06-03 03:26:40.304 | warning  |             UMD | Low power mode is disabled while UMD holds open file descriptors. The device will return to low power mode once all file descriptors are closed. (topology_discovery.cpp:141)
2026-06-03 03:26:40.307 | info     |             UMD | Harvesting masks for Chip 0: Tensix: 0xc0 DRAM: 0x0 ETH: 0x120 PCIe: 0x2 L2CPU: 0x0 (cluster.cpp:270)
2026-06-03 03:26:40.307 | info     |             UMD | Initializing iommu for sysmem (size: 0x40000000). (silicon_sysmem_manager.cpp:337)
2026-06-03 03:26:40.307 | info     |             UMD | Allocating sysmem for IOMMU (size: 0x40000000). (silicon_sysmem_manager.cpp:343)
2026-06-03 03:26:40.380 | info     |             UMD | Opening local chip ids/PCIe ids: {0}/[1] and remote chip ids {} (cluster.cpp:159)
2026-06-03 03:26:40.380 | info     |             UMD | IOMMU: enabled (cluster.cpp:133)
2026-06-03 03:26:40.380 | info     |             UMD | KMD version: 2.7.0 (cluster.cpp:136)
2026-06-03 03:26:40.381 | info     |             UMD | Starting devices in cluster (cluster.cpp:1042)
2026-06-03 03:26:40.391 | info     |             UMD | Mapped sysmem without hugepages to IOVA 0x40000000; NOC address 0x1000000000000000 (silicon_sysmem_manager.cpp:394)
2026-06-03 03:26:40.608 | info     |     Distributed | Using auto discovery to generate mesh graph. (metal_env.cpp:332)
2026-06-03 03:26:40.608 | info     |     Distributed | Constructing control plane using auto-discovery (no mesh graph descriptor). (metal_env.cpp:394)
2026-06-03 03:26:40.608 | info     |             UMD | Creating TopologyDiscovery for architecture: blackhole (topology_discovery.cpp:73)
2026-06-03 03:26:40.609 | warning  |             UMD | Low power mode is disabled while UMD holds open file descriptors. The device will return to low power mode once all file descriptors are closed. (topology_discovery.cpp:141)
2026-06-03 03:26:40.610 | info     |             UMD | Established firmware bundle version: 19.8.0 (topology_discovery.cpp:537)
2026-06-03 03:26:40.610 | info     |             UMD | Firmware bundle version 19.8.0 on the system is newer than the latest fully tested version 19.5.0 for blackhole architecture. Newest features may not be supported. (topology_discovery.cpp:569)
2026-06-03 03:26:40.612 | warning  |             UMD | Low power mode is disabled while UMD holds open file descriptors. The device will return to low power mode once all file descriptors are closed. (topology_discovery.cpp:141)
2026-06-03 03:26:40.616 | warning  |          Always | Unknown motherboard 'H12DSG-O-CPU' for chip_id=0 (bus_id=0x1) — defaulting tray_id to 0. Add this motherboard and its bus IDs to mobo_to_bus_ids in physical_system_discovery.cpp. (physical_system_discovery.cpp:62)
2026-06-03 03:26:40.616 | warning  |          Always | Unknown motherboard 'H12DSG-O-CPU' for chip_id=0 (bus_id=0x1) — defaulting tray_id to 0. Add this motherboard and its bus IDs to mobo_to_bus_ids in physical_system_discovery.cpp. (physical_system_discovery.cpp:62)
2026-06-03 03:26:40.617 | info     |          Fabric | TopologyMapper: Logical Multi-Mesh Adjacency Map: (topology_mapper.cpp:1474)
2026-06-03 03:26:40.617 | info     |          Fabric | 
=== Logical Mesh-Level Graph Adjacency Map ===
Total nodes: 1
Degree histogram: {0:1}
 (topology_solver.tpp:94)
2026-06-03 03:26:40.617 | info     |          Fabric | 
=== Logical Mesh 0 Internal Graph Adjacency Map ===
Total nodes: 1
Degree histogram: {0:1}
 (topology_solver.tpp:94)
2026-06-03 03:26:40.617 | info     |          Fabric | TopologyMapper: Physical Multi-Mesh Adjacency Map: (topology_mapper.cpp:1485)
2026-06-03 03:26:40.617 | info     |          Fabric | 
=== Physical Mesh-Level Graph Adjacency Map ===
Total nodes: 1
Degree histogram: {0:1}
 (topology_solver.tpp:94)
2026-06-03 03:26:40.617 | info     |          Fabric | 
=== Physical Mesh 0 Internal Graph Adjacency Map ===
Total nodes: 1
Degree histogram: {0:1}
 (topology_solver.tpp:94)
2026-06-03 03:26:40.617 | info     |          Fabric | Starting multi-mesh mapping: 1 logical mesh(es) to 1 physical mesh(es) (topology_mapper_utils.cpp:1469)
2026-06-03 03:26:40.617 | info     |          Fabric | Multi-mesh mapping attempt 1/2: Trying inter-mesh mapping (topology_mapper_utils.cpp:1510)
2026-06-03 03:26:40.617 | info     |          Fabric | Attempt 1: Inter-mesh mapping succeeded, found 1 mesh pair(s) (topology_mapper_utils.cpp:1539)
2026-06-03 03:26:40.617 | info     |          Fabric | Attempt 1: Mapping 1 mesh pair(s) (topology_mapper_utils.cpp:1547)
2026-06-03 03:26:40.617 | info     |          Fabric | Attempt 1: Mapping mesh 0 -> 0 (topology_mapper_utils.cpp:1554)
2026-06-03 03:26:40.617 | info     |          Fabric | Multi-mesh mapping succeeded after 1 attempt(s): 1 mesh pair(s) mapped (topology_mapper_utils.cpp:1686)
2026-06-03 03:26:40.629 | info     |    BuildKernels | Using pre-compiled firmware from: /localdev/ayadav/tt-work/TTPort/DREAMPlaceTT-Framework/tt-metal/tt_metal/pre-compiled/2010209910287226822/ (build_env_manager.cpp:260)
2026-06-03 03:26:41.373 | info     |           Metal | [Real-time profiler] Device 0 sync complete: 100 samples, frequency=1.349912 GHz, device_time_at_sync=87046430015 cycles (realtime_profiler_manager.cpp:1082)
[v30] grid=512 ncells=451000 span=2x2 nc=110 slab_bins=2384  workers=110 target=20508 max_worker=17088 max_nslabs=1 imbal=1.04x clustered=0
[v30] device MEDIAN=0.696 ms   rel_l2=1.597e-04  FAIL
V30_RESULT,512,451000,2,0,0.696,1.597e-04
2026-06-03 03:26:42.324 | info     |    BuildKernels | JIT cache stats: 8/9 hits (88.9%) [8 cached, 0 build-once dedup, 0 merged artifacts, 0 merged genfiles] (build_cache_telemetry.cpp:207)
2026-06-03 03:26:42.324 | info     |    BuildKernels | JIT telemetry: 3 registered TelemetryTokens (build_cache_telemetry.cpp:230)
2026-06-03 03:26:42.324 | info     |    BuildKernels | JIT telemetry [dependencies_up_to_date]: count=16, total=25.856ms, min=0.040ms, max=4.712ms, mean=1.616ms (build_cache_telemetry.cpp:246)
2026-06-03 03:26:42.324 | info     |    BuildKernels | JIT telemetry [JitBuildState::build]: count=9, total=676.198ms, min=1.020ms, max=649.549ms, mean=75.133ms (build_cache_telemetry.cpp:246)
2026-06-03 03:26:42.324 | info     |    BuildKernels | JIT telemetry [jit_build]: count=6, total=664.139ms, min=1.020ms, max=649.550ms, mean=110.690ms (build_cache_telemetry.cpp:246)
2026-06-03 03:26:42.336 | info     |          Device | Closing user mode device drivers (tt_cluster.cpp:496)
2026-06-03 03:26:42.336 | info     |             UMD | Closing devices in cluster (cluster.cpp:1054)
