2026-06-03 03:26:42.799 | info     |             UMD | Creating TopologyDiscovery for architecture: blackhole (topology_discovery.cpp:73)
2026-06-03 03:26:42.802 | warning  |             UMD | Low power mode is disabled while UMD holds open file descriptors. The device will return to low power mode once all file descriptors are closed. (topology_discovery.cpp:141)
2026-06-03 03:26:42.803 | info     |             UMD | Established firmware bundle version: 19.8.0 (topology_discovery.cpp:537)
2026-06-03 03:26:42.803 | info     |             UMD | Firmware bundle version 19.8.0 on the system is newer than the latest fully tested version 19.5.0 for blackhole architecture. Newest features may not be supported. (topology_discovery.cpp:569)
2026-06-03 03:26:42.806 | warning  |             UMD | Low power mode is disabled while UMD holds open file descriptors. The device will return to low power mode once all file descriptors are closed. (topology_discovery.cpp:141)
2026-06-03 03:26:42.810 | info     |          Device | Opening user mode device driver (tt_cluster.cpp:225)
2026-06-03 03:26:42.810 | info     |             UMD | Creating TopologyDiscovery for architecture: blackhole (topology_discovery.cpp:73)
2026-06-03 03:26:42.812 | warning  |             UMD | Low power mode is disabled while UMD holds open file descriptors. The device will return to low power mode once all file descriptors are closed. (topology_discovery.cpp:141)
2026-06-03 03:26:42.813 | info     |             UMD | Established firmware bundle version: 19.8.0 (topology_discovery.cpp:537)
2026-06-03 03:26:42.813 | info     |             UMD | Firmware bundle version 19.8.0 on the system is newer than the latest fully tested version 19.5.0 for blackhole architecture. Newest features may not be supported. (topology_discovery.cpp:569)
2026-06-03 03:26:42.816 | warning  |             UMD | Low power mode is disabled while UMD holds open file descriptors. The device will return to low power mode once all file descriptors are closed. (topology_discovery.cpp:141)
2026-06-03 03:26:42.818 | info     |             UMD | Harvesting masks for Chip 0: Tensix: 0xc0 DRAM: 0x0 ETH: 0x120 PCIe: 0x2 L2CPU: 0x0 (cluster.cpp:270)
2026-06-03 03:26:42.819 | info     |             UMD | Initializing iommu for sysmem (size: 0x40000000). (silicon_sysmem_manager.cpp:337)
2026-06-03 03:26:42.819 | info     |             UMD | Allocating sysmem for IOMMU (size: 0x40000000). (silicon_sysmem_manager.cpp:343)
2026-06-03 03:26:42.890 | info     |             UMD | Opening local chip ids/PCIe ids: {0}/[1] and remote chip ids {} (cluster.cpp:159)
2026-06-03 03:26:42.890 | info     |             UMD | IOMMU: enabled (cluster.cpp:133)
2026-06-03 03:26:42.890 | info     |             UMD | KMD version: 2.7.0 (cluster.cpp:136)
2026-06-03 03:26:42.892 | info     |             UMD | Starting devices in cluster (cluster.cpp:1042)
2026-06-03 03:26:42.902 | info     |             UMD | Mapped sysmem without hugepages to IOVA 0x40000000; NOC address 0x1000000000000000 (silicon_sysmem_manager.cpp:394)
2026-06-03 03:26:43.112 | info     |     Distributed | Using auto discovery to generate mesh graph. (metal_env.cpp:332)
2026-06-03 03:26:43.112 | info     |     Distributed | Constructing control plane using auto-discovery (no mesh graph descriptor). (metal_env.cpp:394)
2026-06-03 03:26:43.112 | info     |             UMD | Creating TopologyDiscovery for architecture: blackhole (topology_discovery.cpp:73)
2026-06-03 03:26:43.113 | warning  |             UMD | Low power mode is disabled while UMD holds open file descriptors. The device will return to low power mode once all file descriptors are closed. (topology_discovery.cpp:141)
2026-06-03 03:26:43.114 | info     |             UMD | Established firmware bundle version: 19.8.0 (topology_discovery.cpp:537)
2026-06-03 03:26:43.114 | info     |             UMD | Firmware bundle version 19.8.0 on the system is newer than the latest fully tested version 19.5.0 for blackhole architecture. Newest features may not be supported. (topology_discovery.cpp:569)
2026-06-03 03:26:43.116 | warning  |             UMD | Low power mode is disabled while UMD holds open file descriptors. The device will return to low power mode once all file descriptors are closed. (topology_discovery.cpp:141)
2026-06-03 03:26:43.121 | warning  |          Always | Unknown motherboard 'H12DSG-O-CPU' for chip_id=0 (bus_id=0x1) — defaulting tray_id to 0. Add this motherboard and its bus IDs to mobo_to_bus_ids in physical_system_discovery.cpp. (physical_system_discovery.cpp:62)
2026-06-03 03:26:43.121 | warning  |          Always | Unknown motherboard 'H12DSG-O-CPU' for chip_id=0 (bus_id=0x1) — defaulting tray_id to 0. Add this motherboard and its bus IDs to mobo_to_bus_ids in physical_system_discovery.cpp. (physical_system_discovery.cpp:62)
2026-06-03 03:26:43.121 | info     |          Fabric | TopologyMapper: Logical Multi-Mesh Adjacency Map: (topology_mapper.cpp:1474)
2026-06-03 03:26:43.122 | info     |          Fabric | 
=== Logical Mesh-Level Graph Adjacency Map ===
Total nodes: 1
Degree histogram: {0:1}
 (topology_solver.tpp:94)
2026-06-03 03:26:43.122 | info     |          Fabric | 
=== Logical Mesh 0 Internal Graph Adjacency Map ===
Total nodes: 1
Degree histogram: {0:1}
 (topology_solver.tpp:94)
2026-06-03 03:26:43.122 | info     |          Fabric | TopologyMapper: Physical Multi-Mesh Adjacency Map: (topology_mapper.cpp:1485)
2026-06-03 03:26:43.122 | info     |          Fabric | 
=== Physical Mesh-Level Graph Adjacency Map ===
Total nodes: 1
Degree histogram: {0:1}
 (topology_solver.tpp:94)
2026-06-03 03:26:43.122 | info     |          Fabric | 
=== Physical Mesh 0 Internal Graph Adjacency Map ===
Total nodes: 1
Degree histogram: {0:1}
 (topology_solver.tpp:94)
2026-06-03 03:26:43.122 | info     |          Fabric | Starting multi-mesh mapping: 1 logical mesh(es) to 1 physical mesh(es) (topology_mapper_utils.cpp:1469)
2026-06-03 03:26:43.122 | info     |          Fabric | Multi-mesh mapping attempt 1/2: Trying inter-mesh mapping (topology_mapper_utils.cpp:1510)
2026-06-03 03:26:43.122 | info     |          Fabric | Attempt 1: Inter-mesh mapping succeeded, found 1 mesh pair(s) (topology_mapper_utils.cpp:1539)
2026-06-03 03:26:43.122 | info     |          Fabric | Attempt 1: Mapping 1 mesh pair(s) (topology_mapper_utils.cpp:1547)
2026-06-03 03:26:43.122 | info     |          Fabric | Attempt 1: Mapping mesh 0 -> 0 (topology_mapper_utils.cpp:1554)
2026-06-03 03:26:43.122 | info     |          Fabric | Multi-mesh mapping succeeded after 1 attempt(s): 1 mesh pair(s) mapped (topology_mapper_utils.cpp:1686)
2026-06-03 03:26:43.132 | info     |    BuildKernels | Using pre-compiled firmware from: /localdev/ayadav/tt-work/TTPort/DREAMPlaceTT-Framework/tt-metal/tt_metal/pre-compiled/2010209910287226822/ (build_env_manager.cpp:260)
2026-06-03 03:26:43.874 | info     |           Metal | [Real-time profiler] Device 0 sync complete: 100 samples, frequency=1.349902 GHz, device_time_at_sync=89873589484 cycles (realtime_profiler_manager.cpp:1082)
[fccs] grid=512 ncells=200000 span=2x2 clustered=0 nc=110 cpc=1835 W=128 Tx=4 tiles=8 tile=256KB
[fccs] device MEDIAN=1.136 ms  rel_l2=2.256e-04 nbad=0  OK
FCCS_RESULT,512,200000,2,0,1.136,2.256e-04
2026-06-03 03:26:44.908 | info     |    BuildKernels | JIT cache stats: 8/10 hits (80.0%) [8 cached, 0 build-once dedup, 0 merged artifacts, 0 merged genfiles] (build_cache_telemetry.cpp:207)
2026-06-03 03:26:44.908 | info     |    BuildKernels | JIT telemetry: 3 registered TelemetryTokens (build_cache_telemetry.cpp:230)
2026-06-03 03:26:44.908 | info     |    BuildKernels | JIT telemetry [dependencies_up_to_date]: count=16, total=25.055ms, min=0.038ms, max=4.577ms, mean=1.566ms (build_cache_telemetry.cpp:246)
2026-06-03 03:26:44.908 | info     |    BuildKernels | JIT telemetry [JitBuildState::build]: count=10, total=1324.573ms, min=1.117ms, max=811.075ms, mean=132.457ms (build_cache_telemetry.cpp:246)
2026-06-03 03:26:44.908 | info     |    BuildKernels | JIT telemetry [jit_build]: count=7, total=1312.811ms, min=1.118ms, max=811.076ms, mean=187.544ms (build_cache_telemetry.cpp:246)
2026-06-03 03:26:44.920 | info     |          Device | Closing user mode device drivers (tt_cluster.cpp:496)
2026-06-03 03:26:44.920 | info     |             UMD | Closing devices in cluster (cluster.cpp:1054)
