/localdev/ayadav/DREAMPlaceTT-Framework/tt-metal/tt_metal/tools/profiler/kernel_profiler.hpp:25:22: note: '#pragma message: TRISC-FW,/localdev/ayadav/DREAMPlaceTT-Framework/tt-metal/tt_metal/hw/firmware/src/tt-1xx/trisc.cc,150,KERNEL_PROFILER'
/localdev/ayadav/DREAMPlaceTT-Framework/tt-metal/tt_metal/tools/profiler/kernel_profiler.hpp:25:22: note: '#pragma message: SUBORDINATE-ACTIVE-ERISC1-FW,/localdev/ayadav/DREAMPlaceTT-Framework/tt-metal/tt_metal/hw/firmware/src/tt-1xx/subordinate_erisc.cc,139,KERNEL_PROFILER'
/localdev/ayadav/DREAMPlaceTT-Framework/tt-metal/tt_metal/tools/profiler/kernel_profiler.hpp:25:22: note: '#pragma message: PROFILER-NOC-QUICK-PUSH,/localdev/ayadav/DREAMPlaceTT-Framework/tt-metal/tt_metal/tools/profiler/kernel_profiler.hpp,395,KERNEL_PROFILER'
/localdev/ayadav/DREAMPlaceTT-Framework/tt-metal/tt_metal/tools/profiler/kernel_profiler.hpp:25:22: note: '#pragma message: ERISC-IDLE-FW,/localdev/ayadav/DREAMPlaceTT-Framework/tt-metal/tt_metal/hw/firmware/src/tt-1xx/idle_erisc.cc,161,KERNEL_PROFILER'
/localdev/ayadav/DREAMPlaceTT-Framework/tt-metal/tt_metal/tools/profiler/kernel_profiler.hpp:25:22: note: '#pragma message: SUBORDINATE-IDLE-ERISC1-FW,/localdev/ayadav/DREAMPlaceTT-Framework/tt-metal/tt_metal/hw/firmware/src/tt-1xx/subordinate_erisc.cc,139,KERNEL_PROFILER'
/dev/shm/ttcache/tt-metal-cache18068750706401882933/firmware/active_erisc/active_erisc.o.log:/localdev/ayadav/DREAMPlaceTT-Framework/tt-metal/tt_metal/tools/profiler/kernel_profiler.hpp:25:22: note: '#pragma message: ERISC-FW,/localdev/ayadav/DREAMPlaceTT-Framework/tt-metal/tt_metal/hw/firmware/src/tt-1xx/active_erisc.cc,291,KERNEL_PROFILER'
/localdev/ayadav/DREAMPlaceTT-Framework/tt-metal/tt_metal/tools/profiler/kernel_profiler.hpp:25:22: note: '#pragma message: BRISC-FW,/localdev/ayadav/DREAMPlaceTT-Framework/tt-metal/tt_metal/hw/firmware/src/tt-1xx/brisc.cc,432,KERNEL_PROFILER'
/localdev/ayadav/DREAMPlaceTT-Framework/tt-metal/tt_metal/tools/profiler/kernel_profiler.hpp:25:22: note: '#pragma message: NCRISC-FW,/localdev/ayadav/DREAMPlaceTT-Framework/tt-metal/tt_metal/hw/firmware/src/tt-1xx/ncrisc.cc,129,KERNEL_PROFILER'
/localdev/ayadav/DREAMPlaceTT-Framework/tt-metal/tt_metal/tools/profiler/kernel_profiler.hpp:25:22: note: '#pragma message: CB-COMPUTE-WAIT-FRONT,/localdev/ayadav/DREAMPlaceTT-Framework/tt-metal/tt_metal/hw/ckernels/blackhole/metal/llk_io/llk_io_unpack.h,19,KERNEL_PROFILER'
/localdev/ayadav/DREAMPlaceTT-Framework/tt-metal/tt_metal/tools/profiler/kernel_profiler.hpp:25:22: note: '#pragma message: TRISC0-record-end-ts,/localdev/ayadav/DREAMPlaceTT-Framework/tt-metal/tt_metal/impl/dispatch/kernels/cq_dispatch_subordinate_compute.cpp,68,KERNEL_PROFILER'
/localdev/ayadav/DREAMPlaceTT-Framework/tt-metal/tt_metal/tools/profiler/kernel_profiler.hpp:25:22: note: '#pragma message: TRISC-KERNEL,/localdev/ayadav/DREAMPlaceTT-Framework/tt-metal/tt_metal/hw/firmware/src/tt-1xx/trisck.cc,73,KERNEL_PROFILER'
/localdev/ayadav/DREAMPlaceTT-Framework/tt-metal/tt_metal/tools/profiler/kernel_profiler.hpp:25:22: note: '#pragma message: CB-COMPUTE-RESERVE-BACK,/localdev/ayadav/DREAMPlaceTT-Framework/tt-metal/tt_metal/hw/ckernels/blackhole/metal/llk_io/llk_io_pack.h,21,KERNEL_PROFILER'
/localdev/ayadav/DREAMPlaceTT-Framework/tt-metal/tt_metal/tools/profiler/kernel_profiler.hpp:25:22: note: '#pragma message: BRISC-KERNEL,/localdev/ayadav/DREAMPlaceTT-Framework/tt-metal/tt_metal/hw/firmware/src/tt-1xx/brisck.cc,77,KERNEL_PROFILER'
/localdev/ayadav/DREAMPlaceTT-Framework/tt-metal/tt_metal/tools/profiler/kernel_profiler.hpp:25:22: note: '#pragma message: NCRISC-KERNEL,/localdev/ayadav/DREAMPlaceTT-Framework/tt-metal/tt_metal/hw/firmware/src/tt-1xx/ncrisck.cc,69,KERNEL_PROFILER'
/localdev/ayadav/DREAMPlaceTT-Framework/tt-metal/tt_metal/tools/profiler/kernel_profiler.hpp:25:22: note: '#pragma message: V11H-COUNT,/localdev/ayadav/DREAMPlaceTT-Framework/DREAMPlaceTT/kernels/v11_histogram.cpp,77,KERNEL_PROFILER'
/localdev/ayadav/DREAMPlaceTT-Framework/tt-metal/tt_metal/tools/profiler/kernel_profiler.hpp:25:22: note: '#pragma message: V11H-WRITE,/localdev/ayadav/DREAMPlaceTT-Framework/DREAMPlaceTT/kernels/v11_histogram.cpp,130,KERNEL_PROFILER'
/localdev/ayadav/DREAMPlaceTT-Framework/tt-metal/tt_metal/tools/profiler/kernel_profiler.hpp:25:22: note: '#pragma message: V4R-DRAM-READ,/localdev/ayadav/DREAMPlaceTT-Framework/DREAMPlaceTT/kernels/v4_reader.cpp,54,KERNEL_PROFILER'
/localdev/ayadav/DREAMPlaceTT-Framework/tt-metal/tt_metal/tools/profiler/kernel_profiler.hpp:25:22: note: '#pragma message: V4C-CB-WAIT,/localdev/ayadav/DREAMPlaceTT-Framework/DREAMPlaceTT/kernels/v4_compute.cpp,217,KERNEL_PROFILER'
/localdev/ayadav/DREAMPlaceTT-Framework/tt-metal/tt_metal/tools/profiler/kernel_profiler.hpp:25:22: note: '#pragma message: V4C-SFPU-TILE,/localdev/ayadav/DREAMPlaceTT-Framework/DREAMPlaceTT/kernels/v4_compute.cpp,226,KERNEL_PROFILER'
/localdev/ayadav/DREAMPlaceTT-Framework/tt-metal/tt_metal/tools/profiler/kernel_profiler.hpp:25:22: note: '#pragma message: V4C-BXL,/localdev/ayadav/DREAMPlaceTT-Framework/DREAMPlaceTT/kernels/v4_compute.cpp,227,KERNEL_PROFILER'
/localdev/ayadav/DREAMPlaceTT-Framework/tt-metal/tt_metal/tools/profiler/kernel_profiler.hpp:25:22: note: '#pragma message: V4C-BYL,/localdev/ayadav/DREAMPlaceTT-Framework/DREAMPlaceTT/kernels/v4_compute.cpp,228,KERNEL_PROFILER'
/localdev/ayadav/DREAMPlaceTT-Framework/tt-metal/tt_metal/tools/profiler/kernel_profiler.hpp:25:22: note: '#pragma message: V4C-OX0,/localdev/ayadav/DREAMPlaceTT-Framework/DREAMPlaceTT/kernels/v4_compute.cpp,232,KERNEL_PROFILER'
/localdev/ayadav/DREAMPlaceTT-Framework/tt-metal/tt_metal/tools/profiler/kernel_profiler.hpp:25:22: note: '#pragma message: V4C-OX1,/localdev/ayadav/DREAMPlaceTT-Framework/DREAMPlaceTT/kernels/v4_compute.cpp,235,KERNEL_PROFILER'
/localdev/ayadav/DREAMPlaceTT-Framework/tt-metal/tt_metal/tools/profiler/kernel_profiler.hpp:25:22: note: '#pragma message: V4C-OX2,/localdev/ayadav/DREAMPlaceTT-Framework/DREAMPlaceTT/kernels/v4_compute.cpp,238,KERNEL_PROFILER'
/localdev/ayadav/DREAMPlaceTT-Framework/tt-metal/tt_metal/tools/profiler/kernel_profiler.hpp:25:22: note: '#pragma message: V4C-OX3,/localdev/ayadav/DREAMPlaceTT-Framework/DREAMPlaceTT/kernels/v4_compute.cpp,241,KERNEL_PROFILER'
/localdev/ayadav/DREAMPlaceTT-Framework/tt-metal/tt_metal/tools/profiler/kernel_profiler.hpp:25:22: note: '#pragma message: V4C-OX4,/localdev/ayadav/DREAMPlaceTT-Framework/DREAMPlaceTT/kernels/v4_compute.cpp,244,KERNEL_PROFILER'
/localdev/ayadav/DREAMPlaceTT-Framework/tt-metal/tt_metal/tools/profiler/kernel_profiler.hpp:25:22: note: '#pragma message: V4C-OX5,/localdev/ayadav/DREAMPlaceTT-Framework/DREAMPlaceTT/kernels/v4_compute.cpp,247,KERNEL_PROFILER'
/localdev/ayadav/DREAMPlaceTT-Framework/tt-metal/tt_metal/tools/profiler/kernel_profiler.hpp:25:22: note: '#pragma message: V4C-OX6,/localdev/ayadav/DREAMPlaceTT-Framework/DREAMPlaceTT/kernels/v4_compute.cpp,250,KERNEL_PROFILER'
/localdev/ayadav/DREAMPlaceTT-Framework/tt-metal/tt_metal/tools/profiler/kernel_profiler.hpp:25:22: note: '#pragma message: V4C-OX7,/localdev/ayadav/DREAMPlaceTT-Framework/DREAMPlaceTT/kernels/v4_compute.cpp,253,KERNEL_PROFILER'
/localdev/ayadav/DREAMPlaceTT-Framework/tt-metal/tt_metal/tools/profiler/kernel_profiler.hpp:25:22: note: '#pragma message: V4C-OY0,/localdev/ayadav/DREAMPlaceTT-Framework/DREAMPlaceTT/kernels/v4_compute.cpp,258,KERNEL_PROFILER'
/localdev/ayadav/DREAMPlaceTT-Framework/tt-metal/tt_metal/tools/profiler/kernel_profiler.hpp:25:22: note: '#pragma message: V4C-OY1,/localdev/ayadav/DREAMPlaceTT-Framework/DREAMPlaceTT/kernels/v4_compute.cpp,261,KERNEL_PROFILER'
/localdev/ayadav/DREAMPlaceTT-Framework/tt-metal/tt_metal/tools/profiler/kernel_profiler.hpp:25:22: note: '#pragma message: V4C-OY2,/localdev/ayadav/DREAMPlaceTT-Framework/DREAMPlaceTT/kernels/v4_compute.cpp,264,KERNEL_PROFILER'
/localdev/ayadav/DREAMPlaceTT-Framework/tt-metal/tt_metal/tools/profiler/kernel_profiler.hpp:25:22: note: '#pragma message: V4C-OY3,/localdev/ayadav/DREAMPlaceTT-Framework/DREAMPlaceTT/kernels/v4_compute.cpp,267,KERNEL_PROFILER'
/localdev/ayadav/DREAMPlaceTT-Framework/tt-metal/tt_metal/tools/profiler/kernel_profiler.hpp:25:22: note: '#pragma message: V4C-OY4,/localdev/ayadav/DREAMPlaceTT-Framework/DREAMPlaceTT/kernels/v4_compute.cpp,270,KERNEL_PROFILER'
/localdev/ayadav/DREAMPlaceTT-Framework/tt-metal/tt_metal/tools/profiler/kernel_profiler.hpp:25:22: note: '#pragma message: V4C-OY5,/localdev/ayadav/DREAMPlaceTT-Framework/DREAMPlaceTT/kernels/v4_compute.cpp,273,KERNEL_PROFILER'
/localdev/ayadav/DREAMPlaceTT-Framework/tt-metal/tt_metal/tools/profiler/kernel_profiler.hpp:25:22: note: '#pragma message: V4C-OY6,/localdev/ayadav/DREAMPlaceTT-Framework/DREAMPlaceTT/kernels/v4_compute.cpp,276,KERNEL_PROFILER'
/localdev/ayadav/DREAMPlaceTT-Framework/tt-metal/tt_metal/tools/profiler/kernel_profiler.hpp:25:22: note: '#pragma message: V4C-OY7,/localdev/ayadav/DREAMPlaceTT-Framework/DREAMPlaceTT/kernels/v4_compute.cpp,279,KERNEL_PROFILER'
/localdev/ayadav/DREAMPlaceTT-Framework/tt-metal/tt_metal/tools/profiler/kernel_profiler.hpp:25:22: note: '#pragma message: V19-FP-CONVERT,/localdev/ayadav/DREAMPlaceTT-Framework/DREAMPlaceTT/kernels/v19_writeout_fp32_dm.cpp,64,KERNEL_PROFILER'
/localdev/ayadav/DREAMPlaceTT-Framework/tt-metal/tt_metal/tools/profiler/kernel_profiler.hpp:25:22: note: '#pragma message: V19-FP-WRITE,/localdev/ayadav/DREAMPlaceTT-Framework/DREAMPlaceTT/kernels/v19_writeout_fp32_dm.cpp,72,KERNEL_PROFILER'
/localdev/ayadav/DREAMPlaceTT-Framework/tt-metal/tt_metal/tools/profiler/kernel_profiler.hpp:25:22: note: '#pragma message: V19N-INIT,/localdev/ayadav/DREAMPlaceTT-Framework/DREAMPlaceTT/kernels/v31_scatter_stash_dm.cpp,119,KERNEL_PROFILER'
/localdev/ayadav/DREAMPlaceTT-Framework/tt-metal/tt_metal/tools/profiler/kernel_profiler.hpp:25:22: note: '#pragma message: V19N-CB-WAIT,/localdev/ayadav/DREAMPlaceTT-Framework/DREAMPlaceTT/kernels/v31_scatter_stash_dm.cpp,143,KERNEL_PROFILER'
/localdev/ayadav/DREAMPlaceTT-Framework/tt-metal/tt_metal/tools/profiler/kernel_profiler.hpp:25:22: note: '#pragma message: V19N-ATOMIC,/localdev/ayadav/DREAMPlaceTT-Framework/DREAMPlaceTT/kernels/v31_scatter_stash_dm.cpp,178,KERNEL_PROFILER'
/localdev/ayadav/DREAMPlaceTT-Framework/tt-metal/tt_metal/tools/profiler/kernel_profiler.hpp:25:22: note: '#pragma message: V19B-DRAM-READ,/localdev/ayadav/DREAMPlaceTT-Framework/DREAMPlaceTT/kernels/v31_scatter_b_stash_dm.cpp,130,KERNEL_PROFILER'
/localdev/ayadav/DREAMPlaceTT-Framework/tt-metal/tt_metal/tools/profiler/kernel_profiler.hpp:25:22: note: '#pragma message: V19B-ATOMIC,/localdev/ayadav/DREAMPlaceTT-Framework/DREAMPlaceTT/kernels/v31_scatter_b_stash_dm.cpp,165,KERNEL_PROFILER'
/localdev/ayadav/DREAMPlaceTT-Framework/tt-metal/tt_metal/tools/profiler/kernel_profiler.hpp:25:22: note: '#pragma message: V21B-ALL,/localdev/ayadav/DREAMPlaceTT-Framework/DREAMPlaceTT/kernels/v21_ef_brisc.cpp,119,KERNEL_PROFILER'
/localdev/ayadav/DREAMPlaceTT-Framework/tt-metal/tt_metal/tools/profiler/kernel_profiler.hpp:25:22: note: '#pragma message: V21B-PREP,/localdev/ayadav/DREAMPlaceTT-Framework/DREAMPlaceTT/kernels/v21_ef_brisc.cpp,159,KERNEL_PROFILER'
/localdev/ayadav/DREAMPlaceTT-Framework/tt-metal/tt_metal/tools/profiler/kernel_profiler.hpp:25:22: note: '#pragma message: V21N-ALL,/localdev/ayadav/DREAMPlaceTT-Framework/DREAMPlaceTT/kernels/v21_ef_ncrisc.cpp,118,KERNEL_PROFILER'
/localdev/ayadav/DREAMPlaceTT-Framework/tt-metal/tt_metal/tools/profiler/kernel_profiler.hpp:25:22: note: '#pragma message: V21N-PREP,/localdev/ayadav/DREAMPlaceTT-Framework/DREAMPlaceTT/kernels/v21_ef_ncrisc.cpp,158,KERNEL_PROFILER'
/localdev/ayadav/DREAMPlaceTT-Framework/tt-metal/tt_metal/tools/profiler/kernel_profiler.hpp:25:22: note: '#pragma message: V21N-FY,/localdev/ayadav/DREAMPlaceTT-Framework/DREAMPlaceTT/kernels/v21_ef_ncrisc.cpp,256,KERNEL_PROFILER'
/localdev/ayadav/DREAMPlaceTT-Framework/tt-metal/tt_metal/tools/profiler/kernel_profiler.hpp:25:22: note: '#pragma message: V21N-INTERLEAVE,/localdev/ayadav/DREAMPlaceTT-Framework/DREAMPlaceTT/kernels/v21_ef_ncrisc.cpp,324,KERNEL_PROFILER'
/localdev/ayadav/DREAMPlaceTT-Framework/tt-metal/tt_metal/tools/profiler/kernel_profiler.hpp:25:22: note: '#pragma message: V21N-WRITE,/localdev/ayadav/DREAMPlaceTT-Framework/DREAMPlaceTT/kernels/v21_ef_ncrisc.cpp,330,KERNEL_PROFILER'
/localdev/ayadav/DREAMPlaceTT-Framework/tt-metal/tt_metal/tools/profiler/kernel_profiler.hpp:25:22: note: '#pragma message: V21C-BATCH,/localdev/ayadav/DREAMPlaceTT-Framework/DREAMPlaceTT/kernels/v21_ef_compute.cpp,160,KERNEL_PROFILER'
/localdev/ayadav/DREAMPlaceTT-Framework/tt-metal/tt_metal/tools/profiler/kernel_profiler.hpp:25:22: note: '#pragma message: V35-COUNT,/localdev/ayadav/DREAMPlaceTT-Framework/DREAMPlaceTT/kernels/v35_count.cpp,37,KERNEL_PROFILER'
/localdev/ayadav/DREAMPlaceTT-Framework/tt-metal/tt_metal/tools/profiler/kernel_profiler.hpp:25:22: note: '#pragma message: V35-PLACE,/localdev/ayadav/DREAMPlaceTT-Framework/DREAMPlaceTT/kernels/v35_place.cpp,53,KERNEL_PROFILER'
/localdev/ayadav/DREAMPlaceTT-Framework/tt-metal/tt_metal/tools/profiler/kernel_profiler.hpp:25:22: note: '#pragma message: V35-LOADBAND,/localdev/ayadav/DREAMPlaceTT-Framework/DREAMPlaceTT/kernels/v35_gather_brisc.cpp,55,KERNEL_PROFILER'
/localdev/ayadav/DREAMPlaceTT-Framework/tt-metal/tt_metal/tools/profiler/kernel_profiler.hpp:25:22: note: '#pragma message: V35-LOADCHUNK,/localdev/ayadav/DREAMPlaceTT-Framework/DREAMPlaceTT/kernels/v35_gather_brisc.cpp,74,KERNEL_PROFILER'
/localdev/ayadav/DREAMPlaceTT-Framework/tt-metal/tt_metal/tools/profiler/kernel_profiler.hpp:25:22: note: '#pragma message: V35-PREP,/localdev/ayadav/DREAMPlaceTT-Framework/DREAMPlaceTT/kernels/v35_gather_brisc.cpp,84,KERNEL_PROFILER'
/localdev/ayadav/DREAMPlaceTT-Framework/tt-metal/tt_metal/tools/profiler/kernel_profiler.hpp:25:22: note: '#pragma message: V35-GATHER,/localdev/ayadav/DREAMPlaceTT-Framework/DREAMPlaceTT/kernels/v35_gather_brisc.cpp,120,KERNEL_PROFILER'
/localdev/ayadav/DREAMPlaceTT-Framework/tt-metal/tt_metal/tools/profiler/kernel_profiler.hpp:25:22: note: '#pragma message: V28N-LOADBAND,/localdev/ayadav/DREAMPlaceTT-Framework/DREAMPlaceTT/kernels/v28_ncrisc.cpp,43,KERNEL_PROFILER'
/localdev/ayadav/DREAMPlaceTT-Framework/tt-metal/tt_metal/tools/profiler/kernel_profiler.hpp:25:22: note: '#pragma message: V28N-GATHER,/localdev/ayadav/DREAMPlaceTT-Framework/DREAMPlaceTT/kernels/v28_ncrisc.cpp,57,KERNEL_PROFILER'
/localdev/ayadav/DREAMPlaceTT-Framework/tt-metal/tt_metal/tools/profiler/kernel_profiler.hpp:25:22: note: '#pragma message: V28N-DRAIN,/localdev/ayadav/DREAMPlaceTT-Framework/DREAMPlaceTT/kernels/v28_ncrisc.cpp,66,KERNEL_PROFILER'
/localdev/ayadav/DREAMPlaceTT-Framework/tt-metal/tt_metal/tools/profiler/kernel_profiler.hpp:25:22: note: '#pragma message: V35-COUNT,/localdev/ayadav/DREAMPlaceTT-Framework/DREAMPlaceTT/history/harness/kernels/v35_count.cpp,37,KERNEL_PROFILER'
/localdev/ayadav/DREAMPlaceTT-Framework/tt-metal/tt_metal/tools/profiler/kernel_profiler.hpp:25:22: note: '#pragma message: V35-PLACE,/localdev/ayadav/DREAMPlaceTT-Framework/DREAMPlaceTT/history/harness/kernels/v35_place_compact.cpp,57,KERNEL_PROFILER'
/localdev/ayadav/DREAMPlaceTT-Framework/tt-metal/tt_metal/tools/profiler/kernel_profiler.hpp:25:22: note: '#pragma message: PL-READ,/localdev/ayadav/DREAMPlaceTT-Framework/DREAMPlaceTT/history/harness/kernels/v35_place_compact.cpp,61,KERNEL_PROFILER'
/localdev/ayadav/DREAMPlaceTT-Framework/tt-metal/tt_metal/tools/profiler/kernel_profiler.hpp:25:22: note: '#pragma message: PL-HIST,/localdev/ayadav/DREAMPlaceTT-Framework/DREAMPlaceTT/history/harness/kernels/v35_place_compact.cpp,65,KERNEL_PROFILER'
/localdev/ayadav/DREAMPlaceTT-Framework/tt-metal/tt_metal/tools/profiler/kernel_profiler.hpp:25:22: note: '#pragma message: PL-SORT,/localdev/ayadav/DREAMPlaceTT-Framework/DREAMPlaceTT/history/harness/kernels/v35_place_compact.cpp,71,KERNEL_PROFILER'
/localdev/ayadav/DREAMPlaceTT-Framework/tt-metal/tt_metal/tools/profiler/kernel_profiler.hpp:25:22: note: '#pragma message: PL-WRITE,/localdev/ayadav/DREAMPlaceTT-Framework/DREAMPlaceTT/history/harness/kernels/v35_place_compact.cpp,78,KERNEL_PROFILER'
/localdev/ayadav/DREAMPlaceTT-Framework/tt-metal/tt_metal/tools/profiler/kernel_profiler.hpp:25:22: note: '#pragma message: V28N-LOADBAND,/localdev/ayadav/DREAMPlaceTT-Framework/DREAMPlaceTT/history/harness/kernels/v28_ncrisc.cpp,43,KERNEL_PROFILER'
/localdev/ayadav/DREAMPlaceTT-Framework/tt-metal/tt_metal/tools/profiler/kernel_profiler.hpp:25:22: note: '#pragma message: NB-FYRESV,/localdev/ayadav/DREAMPlaceTT-Framework/DREAMPlaceTT/history/harness/kernels/v28_ncrisc.cpp,57,KERNEL_PROFILER'
/localdev/ayadav/DREAMPlaceTT-Framework/tt-metal/tt_metal/tools/profiler/kernel_profiler.hpp:25:22: note: '#pragma message: NB-FYFILL,/localdev/ayadav/DREAMPlaceTT-Framework/DREAMPlaceTT/history/harness/kernels/v28_ncrisc.cpp,58,KERNEL_PROFILER'
/localdev/ayadav/DREAMPlaceTT-Framework/tt-metal/tt_metal/tools/profiler/kernel_profiler.hpp:25:22: note: '#pragma message: NB-DRAINWAIT,/localdev/ayadav/DREAMPlaceTT-Framework/DREAMPlaceTT/history/harness/kernels/v28_ncrisc.cpp,66,KERNEL_PROFILER'
/localdev/ayadav/DREAMPlaceTT-Framework/tt-metal/tt_metal/tools/profiler/kernel_profiler.hpp:25:22: note: '#pragma message: NB-DRAINWR,/localdev/ayadav/DREAMPlaceTT-Framework/DREAMPlaceTT/history/harness/kernels/v28_ncrisc.cpp,67,KERNEL_PROFILER'
/localdev/ayadav/DREAMPlaceTT-Framework/tt-metal/tt_metal/tools/profiler/kernel_profiler.hpp:25:22: note: '#pragma message: V35-LOADBAND,/localdev/ayadav/DREAMPlaceTT-Framework/DREAMPlaceTT/history/harness/kernels/v35_gather_brisc_compact.cpp,52,KERNEL_PROFILER'
/localdev/ayadav/DREAMPlaceTT-Framework/tt-metal/tt_metal/tools/profiler/kernel_profiler.hpp:25:22: note: '#pragma message: V35-LOADCHUNK,/localdev/ayadav/DREAMPlaceTT-Framework/DREAMPlaceTT/history/harness/kernels/v35_gather_brisc_compact.cpp,68,KERNEL_PROFILER'
/localdev/ayadav/DREAMPlaceTT-Framework/tt-metal/tt_metal/tools/profiler/kernel_profiler.hpp:25:22: note: '#pragma message: V35-PREP,/localdev/ayadav/DREAMPlaceTT-Framework/DREAMPlaceTT/history/harness/kernels/v35_gather_brisc_compact.cpp,78,KERNEL_PROFILER'
/localdev/ayadav/DREAMPlaceTT-Framework/tt-metal/tt_metal/tools/profiler/kernel_profiler.hpp:25:22: note: '#pragma message: GB-FXRESV,/localdev/ayadav/DREAMPlaceTT-Framework/DREAMPlaceTT/history/harness/kernels/v35_gather_brisc_compact.cpp,109,KERNEL_PROFILER'
/localdev/ayadav/DREAMPlaceTT-Framework/tt-metal/tt_metal/tools/profiler/kernel_profiler.hpp:25:22: note: '#pragma message: GB-FXFILL,/localdev/ayadav/DREAMPlaceTT-Framework/DREAMPlaceTT/history/harness/kernels/v35_gather_brisc_compact.cpp,110,KERNEL_PROFILER'
/localdev/ayadav/DREAMPlaceTT-Framework/tt-metal/tt_metal/tools/profiler/kernel_profiler.hpp:25:22: note: '#pragma message: CMP-WAIT,/localdev/ayadav/DREAMPlaceTT-Framework/DREAMPlaceTT/history/harness/kernels/v28_compute.cpp,54,KERNEL_PROFILER'
/localdev/ayadav/DREAMPlaceTT-Framework/tt-metal/tt_metal/tools/profiler/kernel_profiler.hpp:25:22: note: '#pragma message: CMP-MATH,/localdev/ayadav/DREAMPlaceTT-Framework/DREAMPlaceTT/history/harness/kernels/v28_compute.cpp,56,KERNEL_PROFILER'
/localdev/ayadav/DREAMPlaceTT-Framework/tt-metal/tt_metal/tools/profiler/kernel_profiler.hpp:25:22: note: '#pragma message: CMP-OUTWAIT,/localdev/ayadav/DREAMPlaceTT-Framework/DREAMPlaceTT/history/harness/kernels/v28_compute.cpp,74,KERNEL_PROFILER'
/localdev/ayadav/DREAMPlaceTT-Framework/tt-metal/tt_metal/tools/profiler/kernel_profiler.hpp:25:22: note: '#pragma message: CMP-PACK,/localdev/ayadav/DREAMPlaceTT-Framework/DREAMPlaceTT/history/harness/kernels/v28_compute.cpp,76,KERNEL_PROFILER'
/localdev/ayadav/DREAMPlaceTT-Framework/tt-metal/tt_metal/tools/profiler/kernel_profiler.hpp:25:22: note: '#pragma message: PROBE-SCATTER,/localdev/ayadav/DREAMPlaceTT-Framework/DREAMPlaceTT/history/harness/kernels/v35_gather_brisc_compact.cpp,70,KERNEL_PROFILER'
/localdev/ayadav/DREAMPlaceTT-Framework/tt-metal/tt_metal/tools/profiler/kernel_profiler.hpp:25:22: note: '#pragma message: PROBE-CONTIG,/localdev/ayadav/DREAMPlaceTT-Framework/DREAMPlaceTT/history/harness/kernels/v35_gather_brisc_compact.cpp,71,KERNEL_PROFILER'
/localdev/ayadav/DREAMPlaceTT-Framework/tt-metal/tt_metal/tools/profiler/kernel_profiler.hpp:25:22: note: '#pragma message: V35-LOADCHUNK,/localdev/ayadav/DREAMPlaceTT-Framework/DREAMPlaceTT/history/harness/kernels/v35_gather_brisc_compact.cpp,79,KERNEL_PROFILER'
/localdev/ayadav/DREAMPlaceTT-Framework/tt-metal/tt_metal/tools/profiler/kernel_profiler.hpp:25:22: note: '#pragma message: V35-PREP,/localdev/ayadav/DREAMPlaceTT-Framework/DREAMPlaceTT/history/harness/kernels/v35_gather_brisc_compact.cpp,89,KERNEL_PROFILER'
/localdev/ayadav/DREAMPlaceTT-Framework/tt-metal/tt_metal/tools/profiler/kernel_profiler.hpp:25:22: note: '#pragma message: GB-FXRESV,/localdev/ayadav/DREAMPlaceTT-Framework/DREAMPlaceTT/history/harness/kernels/v35_gather_brisc_compact.cpp,120,KERNEL_PROFILER'
/localdev/ayadav/DREAMPlaceTT-Framework/tt-metal/tt_metal/tools/profiler/kernel_profiler.hpp:25:22: note: '#pragma message: GB-FXFILL,/localdev/ayadav/DREAMPlaceTT-Framework/DREAMPlaceTT/history/harness/kernels/v35_gather_brisc_compact.cpp,121,KERNEL_PROFILER'
/localdev/ayadav/DREAMPlaceTT-Framework/tt-metal/tt_metal/tools/profiler/kernel_profiler.hpp:25:22: note: '#pragma message: PROBE-SCATTER,/localdev/ayadav/DREAMPlaceTT-Framework/DREAMPlaceTT/history/harness/kernels/v35_gather_brisc_compact.cpp,74,KERNEL_PROFILER'
/localdev/ayadav/DREAMPlaceTT-Framework/tt-metal/tt_metal/tools/profiler/kernel_profiler.hpp:25:22: note: '#pragma message: PROBE-CONTIG,/localdev/ayadav/DREAMPlaceTT-Framework/DREAMPlaceTT/history/harness/kernels/v35_gather_brisc_compact.cpp,76,KERNEL_PROFILER'
/localdev/ayadav/DREAMPlaceTT-Framework/tt-metal/tt_metal/tools/profiler/kernel_profiler.hpp:25:22: note: '#pragma message: V35-LOADCHUNK,/localdev/ayadav/DREAMPlaceTT-Framework/DREAMPlaceTT/history/harness/kernels/v35_gather_brisc_compact.cpp,84,KERNEL_PROFILER'
/localdev/ayadav/DREAMPlaceTT-Framework/tt-metal/tt_metal/tools/profiler/kernel_profiler.hpp:25:22: note: '#pragma message: V35-PREP,/localdev/ayadav/DREAMPlaceTT-Framework/DREAMPlaceTT/history/harness/kernels/v35_gather_brisc_compact.cpp,94,KERNEL_PROFILER'
/localdev/ayadav/DREAMPlaceTT-Framework/tt-metal/tt_metal/tools/profiler/kernel_profiler.hpp:25:22: note: '#pragma message: GB-FXRESV,/localdev/ayadav/DREAMPlaceTT-Framework/DREAMPlaceTT/history/harness/kernels/v35_gather_brisc_compact.cpp,125,KERNEL_PROFILER'
/localdev/ayadav/DREAMPlaceTT-Framework/tt-metal/tt_metal/tools/profiler/kernel_profiler.hpp:25:22: note: '#pragma message: GB-FXFILL,/localdev/ayadav/DREAMPlaceTT-Framework/DREAMPlaceTT/history/harness/kernels/v35_gather_brisc_compact.cpp,126,KERNEL_PROFILER'
/localdev/ayadav/DREAMPlaceTT-Framework/tt-metal/tt_metal/tools/profiler/kernel_profiler.hpp:25:22: note: '#pragma message: P0-LOOP,/localdev/ayadav/DREAMPlaceTT-Framework/DREAMPlaceTT/history/harness/kernels/v35_gather_brisc_compact.cpp,74,KERNEL_PROFILER'
/localdev/ayadav/DREAMPlaceTT-Framework/tt-metal/tt_metal/tools/profiler/kernel_profiler.hpp:25:22: note: '#pragma message: P1-STORE,/localdev/ayadav/DREAMPlaceTT-Framework/DREAMPlaceTT/history/harness/kernels/v35_gather_brisc_compact.cpp,75,KERNEL_PROFILER'
/localdev/ayadav/DREAMPlaceTT-Framework/tt-metal/tt_metal/tools/profiler/kernel_profiler.hpp:25:22: note: '#pragma message: P2-BASELOAD,/localdev/ayadav/DREAMPlaceTT-Framework/DREAMPlaceTT/history/harness/kernels/v35_gather_brisc_compact.cpp,76,KERNEL_PROFILER'
/localdev/ayadav/DREAMPlaceTT-Framework/tt-metal/tt_metal/tools/profiler/kernel_profiler.hpp:25:22: note: '#pragma message: P3-FIELDSEQ,/localdev/ayadav/DREAMPlaceTT-Framework/DREAMPlaceTT/history/harness/kernels/v35_gather_brisc_compact.cpp,77,KERNEL_PROFILER'
/localdev/ayadav/DREAMPlaceTT-Framework/tt-metal/tt_metal/tools/profiler/kernel_profiler.hpp:25:22: note: '#pragma message: P4-REALFILL,/localdev/ayadav/DREAMPlaceTT-Framework/DREAMPlaceTT/history/harness/kernels/v35_gather_brisc_compact.cpp,78,KERNEL_PROFILER'
/localdev/ayadav/DREAMPlaceTT-Framework/tt-metal/tt_metal/tools/profiler/kernel_profiler.hpp:25:22: note: '#pragma message: V35-LOADCHUNK,/localdev/ayadav/DREAMPlaceTT-Framework/DREAMPlaceTT/history/harness/kernels/v35_gather_brisc_compact.cpp,86,KERNEL_PROFILER'
/localdev/ayadav/DREAMPlaceTT-Framework/tt-metal/tt_metal/tools/profiler/kernel_profiler.hpp:25:22: note: '#pragma message: V35-PREP,/localdev/ayadav/DREAMPlaceTT-Framework/DREAMPlaceTT/history/harness/kernels/v35_gather_brisc_compact.cpp,96,KERNEL_PROFILER'
/localdev/ayadav/DREAMPlaceTT-Framework/tt-metal/tt_metal/tools/profiler/kernel_profiler.hpp:25:22: note: '#pragma message: GB-FXRESV,/localdev/ayadav/DREAMPlaceTT-Framework/DREAMPlaceTT/history/harness/kernels/v35_gather_brisc_compact.cpp,127,KERNEL_PROFILER'
/localdev/ayadav/DREAMPlaceTT-Framework/tt-metal/tt_metal/tools/profiler/kernel_profiler.hpp:25:22: note: '#pragma message: GB-FXFILL,/localdev/ayadav/DREAMPlaceTT-Framework/DREAMPlaceTT/history/harness/kernels/v35_gather_brisc_compact.cpp,128,KERNEL_PROFILER'
/localdev/ayadav/DREAMPlaceTT-Framework/tt-metal/tt_metal/tools/profiler/kernel_profiler.hpp:25:22: note: '#pragma message: V28N-LOADBAND,/localdev/ayadav/DREAMPlaceTT-Framework/DREAMPlaceTT/history/harness/kernels/v28_ncrisc_kouter.cpp,40,KERNEL_PROFILER'
/localdev/ayadav/DREAMPlaceTT-Framework/tt-metal/tt_metal/tools/profiler/kernel_profiler.hpp:25:22: note: '#pragma message: NB-FYFILL,/localdev/ayadav/DREAMPlaceTT-Framework/DREAMPlaceTT/history/harness/kernels/v28_ncrisc_kouter.cpp,56,KERNEL_PROFILER'
/localdev/ayadav/DREAMPlaceTT-Framework/tt-metal/tt_metal/tools/profiler/kernel_profiler.hpp:25:22: note: '#pragma message: NB-DRAINWAIT,/localdev/ayadav/DREAMPlaceTT-Framework/DREAMPlaceTT/history/harness/kernels/v28_ncrisc_kouter.cpp,65,KERNEL_PROFILER'
/localdev/ayadav/DREAMPlaceTT-Framework/tt-metal/tt_metal/tools/profiler/kernel_profiler.hpp:25:22: note: '#pragma message: NB-DRAINWR,/localdev/ayadav/DREAMPlaceTT-Framework/DREAMPlaceTT/history/harness/kernels/v28_ncrisc_kouter.cpp,66,KERNEL_PROFILER'
/localdev/ayadav/DREAMPlaceTT-Framework/tt-metal/tt_metal/tools/profiler/kernel_profiler.hpp:25:22: note: '#pragma message: V35-LOADBAND,/localdev/ayadav/DREAMPlaceTT-Framework/DREAMPlaceTT/history/harness/kernels/v35_gather_brisc_kouter.cpp,55,KERNEL_PROFILER'
/localdev/ayadav/DREAMPlaceTT-Framework/tt-metal/tt_metal/tools/profiler/kernel_profiler.hpp:25:22: note: '#pragma message: V35-LOADCHUNK,/localdev/ayadav/DREAMPlaceTT-Framework/DREAMPlaceTT/history/harness/kernels/v35_gather_brisc_kouter.cpp,71,KERNEL_PROFILER'
/localdev/ayadav/DREAMPlaceTT-Framework/tt-metal/tt_metal/tools/profiler/kernel_profiler.hpp:25:22: note: '#pragma message: V35-PREP,/localdev/ayadav/DREAMPlaceTT-Framework/DREAMPlaceTT/history/harness/kernels/v35_gather_brisc_kouter.cpp,81,KERNEL_PROFILER'
/localdev/ayadav/DREAMPlaceTT-Framework/tt-metal/tt_metal/tools/profiler/kernel_profiler.hpp:25:22: note: '#pragma message: GB-FXFILL,/localdev/ayadav/DREAMPlaceTT-Framework/DREAMPlaceTT/history/harness/kernels/v35_gather_brisc_kouter.cpp,115,KERNEL_PROFILER'
/localdev/ayadav/DREAMPlaceTT-Framework/tt-metal/tt_metal/tools/profiler/kernel_profiler.hpp:25:22: note: '#pragma message: NB-LOOP,/localdev/ayadav/DREAMPlaceTT-Framework/DREAMPlaceTT/history/harness/kernels/v28_ncrisc.cpp,53,KERNEL_PROFILER'
/localdev/ayadav/DREAMPlaceTT-Framework/tt-metal/tt_metal/tools/profiler/kernel_profiler.hpp:25:22: note: '#pragma message: NB-FYRESV,/localdev/ayadav/DREAMPlaceTT-Framework/DREAMPlaceTT/history/harness/kernels/v28_ncrisc.cpp,58,KERNEL_PROFILER'
/localdev/ayadav/DREAMPlaceTT-Framework/tt-metal/tt_metal/tools/profiler/kernel_profiler.hpp:25:22: note: '#pragma message: NB-FYFILL,/localdev/ayadav/DREAMPlaceTT-Framework/DREAMPlaceTT/history/harness/kernels/v28_ncrisc.cpp,59,KERNEL_PROFILER'
/localdev/ayadav/DREAMPlaceTT-Framework/tt-metal/tt_metal/tools/profiler/kernel_profiler.hpp:25:22: note: '#pragma message: NB-DRAINWAIT,/localdev/ayadav/DREAMPlaceTT-Framework/DREAMPlaceTT/history/harness/kernels/v28_ncrisc.cpp,67,KERNEL_PROFILER'
/localdev/ayadav/DREAMPlaceTT-Framework/tt-metal/tt_metal/tools/profiler/kernel_profiler.hpp:25:22: note: '#pragma message: NB-DRAINWR,/localdev/ayadav/DREAMPlaceTT-Framework/DREAMPlaceTT/history/harness/kernels/v28_ncrisc.cpp,68,KERNEL_PROFILER'
/localdev/ayadav/DREAMPlaceTT-Framework/tt-metal/tt_metal/tools/profiler/kernel_profiler.hpp:25:22: note: '#pragma message: GB-LOOP,/localdev/ayadav/DREAMPlaceTT-Framework/DREAMPlaceTT/history/harness/kernels/v35_gather_brisc_compact.cpp,64,KERNEL_PROFILER'
/localdev/ayadav/DREAMPlaceTT-Framework/tt-metal/tt_metal/tools/profiler/kernel_profiler.hpp:25:22: note: '#pragma message: V35-LOADCHUNK,/localdev/ayadav/DREAMPlaceTT-Framework/DREAMPlaceTT/history/harness/kernels/v35_gather_brisc_compact.cpp,69,KERNEL_PROFILER'
/localdev/ayadav/DREAMPlaceTT-Framework/tt-metal/tt_metal/tools/profiler/kernel_profiler.hpp:25:22: note: '#pragma message: V35-PREP,/localdev/ayadav/DREAMPlaceTT-Framework/DREAMPlaceTT/history/harness/kernels/v35_gather_brisc_compact.cpp,79,KERNEL_PROFILER'
/localdev/ayadav/DREAMPlaceTT-Framework/tt-metal/tt_metal/tools/profiler/kernel_profiler.hpp:25:22: note: '#pragma message: GB-FXRESV,/localdev/ayadav/DREAMPlaceTT-Framework/DREAMPlaceTT/history/harness/kernels/v35_gather_brisc_compact.cpp,110,KERNEL_PROFILER'
/localdev/ayadav/DREAMPlaceTT-Framework/tt-metal/tt_metal/tools/profiler/kernel_profiler.hpp:25:22: note: '#pragma message: GB-FXFILL,/localdev/ayadav/DREAMPlaceTT-Framework/DREAMPlaceTT/history/harness/kernels/v35_gather_brisc_compact.cpp,111,KERNEL_PROFILER'
/localdev/ayadav/DREAMPlaceTT-Framework/tt-metal/tt_metal/tools/profiler/kernel_profiler.hpp:25:22: note: '#pragma message: CMP-LOOP,/localdev/ayadav/DREAMPlaceTT-Framework/DREAMPlaceTT/history/harness/kernels/v28_compute.cpp,48,KERNEL_PROFILER'
/localdev/ayadav/DREAMPlaceTT-Framework/tt-metal/tt_metal/tools/profiler/kernel_profiler.hpp:25:22: note: '#pragma message: CMP-WAIT,/localdev/ayadav/DREAMPlaceTT-Framework/DREAMPlaceTT/history/harness/kernels/v28_compute.cpp,55,KERNEL_PROFILER'
/localdev/ayadav/DREAMPlaceTT-Framework/tt-metal/tt_metal/tools/profiler/kernel_profiler.hpp:25:22: note: '#pragma message: CMP-MATH,/localdev/ayadav/DREAMPlaceTT-Framework/DREAMPlaceTT/history/harness/kernels/v28_compute.cpp,57,KERNEL_PROFILER'
/localdev/ayadav/DREAMPlaceTT-Framework/tt-metal/tt_metal/tools/profiler/kernel_profiler.hpp:25:22: note: '#pragma message: CMP-OUTWAIT,/localdev/ayadav/DREAMPlaceTT-Framework/DREAMPlaceTT/history/harness/kernels/v28_compute.cpp,75,KERNEL_PROFILER'
/localdev/ayadav/DREAMPlaceTT-Framework/tt-metal/tt_metal/tools/profiler/kernel_profiler.hpp:25:22: note: '#pragma message: CMP-PACK,/localdev/ayadav/DREAMPlaceTT-Framework/DREAMPlaceTT/history/harness/kernels/v28_compute.cpp,77,KERNEL_PROFILER'
/localdev/ayadav/DREAMPlaceTT-Framework/tt-metal/tt_metal/tools/profiler/kernel_profiler.hpp:25:22: note: '#pragma message: NB-LOOP,/localdev/ayadav/DREAMPlaceTT-Framework/DREAMPlaceTT/history/harness/kernels/v28_ncrisc_kouter.cpp,48,KERNEL_PROFILER'
/localdev/ayadav/DREAMPlaceTT-Framework/tt-metal/tt_metal/tools/profiler/kernel_profiler.hpp:25:22: note: '#pragma message: NB-FYFILL,/localdev/ayadav/DREAMPlaceTT-Framework/DREAMPlaceTT/history/harness/kernels/v28_ncrisc_kouter.cpp,57,KERNEL_PROFILER'
/localdev/ayadav/DREAMPlaceTT-Framework/tt-metal/tt_metal/tools/profiler/kernel_profiler.hpp:25:22: note: '#pragma message: NB-DRAINWAIT,/localdev/ayadav/DREAMPlaceTT-Framework/DREAMPlaceTT/history/harness/kernels/v28_ncrisc_kouter.cpp,66,KERNEL_PROFILER'
/localdev/ayadav/DREAMPlaceTT-Framework/tt-metal/tt_metal/tools/profiler/kernel_profiler.hpp:25:22: note: '#pragma message: NB-DRAINWR,/localdev/ayadav/DREAMPlaceTT-Framework/DREAMPlaceTT/history/harness/kernels/v28_ncrisc_kouter.cpp,67,KERNEL_PROFILER'
/localdev/ayadav/DREAMPlaceTT-Framework/tt-metal/tt_metal/tools/profiler/kernel_profiler.hpp:25:22: note: '#pragma message: GB-LOOP,/localdev/ayadav/DREAMPlaceTT-Framework/DREAMPlaceTT/history/harness/kernels/v35_gather_brisc_kouter.cpp,67,KERNEL_PROFILER'
/localdev/ayadav/DREAMPlaceTT-Framework/tt-metal/tt_metal/tools/profiler/kernel_profiler.hpp:25:22: note: '#pragma message: V35-LOADCHUNK,/localdev/ayadav/DREAMPlaceTT-Framework/DREAMPlaceTT/history/harness/kernels/v35_gather_brisc_kouter.cpp,72,KERNEL_PROFILER'
/localdev/ayadav/DREAMPlaceTT-Framework/tt-metal/tt_metal/tools/profiler/kernel_profiler.hpp:25:22: note: '#pragma message: V35-PREP,/localdev/ayadav/DREAMPlaceTT-Framework/DREAMPlaceTT/history/harness/kernels/v35_gather_brisc_kouter.cpp,82,KERNEL_PROFILER'
/localdev/ayadav/DREAMPlaceTT-Framework/tt-metal/tt_metal/tools/profiler/kernel_profiler.hpp:25:22: note: '#pragma message: GB-FXFILL,/localdev/ayadav/DREAMPlaceTT-Framework/DREAMPlaceTT/history/harness/kernels/v35_gather_brisc_kouter.cpp,116,KERNEL_PROFILER'
/localdev/ayadav/DREAMPlaceTT-Framework/tt-metal/tt_metal/tools/profiler/kernel_profiler.hpp:25:22: note: '#pragma message: V19N-INIT,/localdev/ayadav/DREAMPlaceTT-Framework/DREAMPlaceTT/kernels/v31_scatter_stash_dm.cpp,120,KERNEL_PROFILER'
/localdev/ayadav/DREAMPlaceTT-Framework/tt-metal/tt_metal/tools/profiler/kernel_profiler.hpp:25:22: note: '#pragma message: V19N-CB-WAIT,/localdev/ayadav/DREAMPlaceTT-Framework/DREAMPlaceTT/kernels/v31_scatter_stash_dm.cpp,144,KERNEL_PROFILER'
/localdev/ayadav/DREAMPlaceTT-Framework/tt-metal/tt_metal/tools/profiler/kernel_profiler.hpp:25:22: note: '#pragma message: V19N-ATOMIC,/localdev/ayadav/DREAMPlaceTT-Framework/DREAMPlaceTT/kernels/v31_scatter_stash_dm.cpp,179,KERNEL_PROFILER'
/localdev/ayadav/DREAMPlaceTT-Framework/tt-metal/tt_metal/tools/profiler/kernel_profiler.hpp:25:22: note: '#pragma message: V19B-DRAM-READ,/localdev/ayadav/DREAMPlaceTT-Framework/DREAMPlaceTT/kernels/v31_scatter_b_stash_dm.cpp,131,KERNEL_PROFILER'
/localdev/ayadav/DREAMPlaceTT-Framework/tt-metal/tt_metal/tools/profiler/kernel_profiler.hpp:25:22: note: '#pragma message: V19B-ATOMIC,/localdev/ayadav/DREAMPlaceTT-Framework/DREAMPlaceTT/kernels/v31_scatter_b_stash_dm.cpp,166,KERNEL_PROFILER'
/localdev/ayadav/DREAMPlaceTT-Framework/tt-metal/tt_metal/tools/profiler/kernel_profiler.hpp:25:22: note: '#pragma message: V35-COUNT-N,/localdev/ayadav/DREAMPlaceTT-Framework/DREAMPlaceTT/kernels/v35_count64_bucket_n.cpp,41,KERNEL_PROFILER'
/localdev/ayadav/DREAMPlaceTT-Framework/tt-metal/tt_metal/tools/profiler/kernel_profiler.hpp:25:22: note: '#pragma message: V35-COUNT,/localdev/ayadav/DREAMPlaceTT-Framework/DREAMPlaceTT/kernels/v35_count64_bucket.cpp,43,KERNEL_PROFILER'
/localdev/ayadav/DREAMPlaceTT-Framework/tt-metal/tt_metal/tools/profiler/kernel_profiler.hpp:25:22: note: '#pragma message: V35-PLACE-N,/localdev/ayadav/DREAMPlaceTT-Framework/DREAMPlaceTT/kernels/v35_place_s64_bucket_n.cpp,55,KERNEL_PROFILER'
/localdev/ayadav/DREAMPlaceTT-Framework/tt-metal/tt_metal/tools/profiler/kernel_profiler.hpp:25:22: note: '#pragma message: V35-PLACE,/localdev/ayadav/DREAMPlaceTT-Framework/DREAMPlaceTT/kernels/v35_place_s64_bucket.cpp,59,KERNEL_PROFILER'
/localdev/ayadav/DREAMPlaceTT-Framework/tt-metal/tt_metal/tools/profiler/kernel_profiler.hpp:25:22: note: '#pragma message: V28N-LOADBAND,/localdev/ayadav/DREAMPlaceTT-Framework/DREAMPlaceTT/kernels/v28_ncrisc_pbf.cpp,43,KERNEL_PROFILER'
/localdev/ayadav/DREAMPlaceTT-Framework/tt-metal/tt_metal/tools/profiler/kernel_profiler.hpp:25:22: note: '#pragma message: NB-LOOP,/localdev/ayadav/DREAMPlaceTT-Framework/DREAMPlaceTT/kernels/v28_ncrisc_pbf.cpp,51,KERNEL_PROFILER'
/localdev/ayadav/DREAMPlaceTT-Framework/tt-metal/tt_metal/tools/profiler/kernel_profiler.hpp:25:22: note: '#pragma message: NB-FYRESV,/localdev/ayadav/DREAMPlaceTT-Framework/DREAMPlaceTT/kernels/v28_ncrisc_pbf.cpp,59,KERNEL_PROFILER'
/localdev/ayadav/DREAMPlaceTT-Framework/tt-metal/tt_metal/tools/profiler/kernel_profiler.hpp:25:22: note: '#pragma message: NB-FYFILL,/localdev/ayadav/DREAMPlaceTT-Framework/DREAMPlaceTT/kernels/v28_ncrisc_pbf.cpp,60,KERNEL_PROFILER'
/localdev/ayadav/DREAMPlaceTT-Framework/tt-metal/tt_metal/tools/profiler/kernel_profiler.hpp:25:22: note: '#pragma message: NB-DRAINWAIT,/localdev/ayadav/DREAMPlaceTT-Framework/DREAMPlaceTT/kernels/v28_ncrisc_pbf.cpp,67,KERNEL_PROFILER'
/localdev/ayadav/DREAMPlaceTT-Framework/tt-metal/tt_metal/tools/profiler/kernel_profiler.hpp:25:22: note: '#pragma message: NB-DRAINWR,/localdev/ayadav/DREAMPlaceTT-Framework/DREAMPlaceTT/kernels/v28_ncrisc_pbf.cpp,68,KERNEL_PROFILER'
/localdev/ayadav/DREAMPlaceTT-Framework/tt-metal/tt_metal/tools/profiler/kernel_profiler.hpp:25:22: note: '#pragma message: V35-LOADBAND,/localdev/ayadav/DREAMPlaceTT-Framework/DREAMPlaceTT/kernels/v35_gather_brisc_pbf.cpp,60,KERNEL_PROFILER'
/localdev/ayadav/DREAMPlaceTT-Framework/tt-metal/tt_metal/tools/profiler/kernel_profiler.hpp:25:22: note: '#pragma message: GB-LOOP,/localdev/ayadav/DREAMPlaceTT-Framework/DREAMPlaceTT/kernels/v35_gather_brisc_pbf.cpp,72,KERNEL_PROFILER'
/localdev/ayadav/DREAMPlaceTT-Framework/tt-metal/tt_metal/tools/profiler/kernel_profiler.hpp:25:22: note: '#pragma message: V35-LOADCHUNK,/localdev/ayadav/DREAMPlaceTT-Framework/DREAMPlaceTT/kernels/v35_gather_brisc_pbf.cpp,77,KERNEL_PROFILER'
/localdev/ayadav/DREAMPlaceTT-Framework/tt-metal/tt_metal/tools/profiler/kernel_profiler.hpp:25:22: note: '#pragma message: V35-PREP,/localdev/ayadav/DREAMPlaceTT-Framework/DREAMPlaceTT/kernels/v35_gather_brisc_pbf.cpp,91,KERNEL_PROFILER'
/localdev/ayadav/DREAMPlaceTT-Framework/tt-metal/tt_metal/tools/profiler/kernel_profiler.hpp:25:22: note: '#pragma message: GB-FXRESV,/localdev/ayadav/DREAMPlaceTT-Framework/DREAMPlaceTT/kernels/v35_gather_brisc_pbf.cpp,125,KERNEL_PROFILER'
/localdev/ayadav/DREAMPlaceTT-Framework/tt-metal/tt_metal/tools/profiler/kernel_profiler.hpp:25:22: note: '#pragma message: GB-FXFILL,/localdev/ayadav/DREAMPlaceTT-Framework/DREAMPlaceTT/kernels/v35_gather_brisc_pbf.cpp,126,KERNEL_PROFILER'
/localdev/ayadav/DREAMPlaceTT-Framework/tt-metal/tt_metal/tools/profiler/kernel_profiler.hpp:25:22: note: '#pragma message: CMP-LOOP,/localdev/ayadav/DREAMPlaceTT-Framework/DREAMPlaceTT/kernels/v28_compute_pbf.cpp,49,KERNEL_PROFILER'
/localdev/ayadav/DREAMPlaceTT-Framework/tt-metal/tt_metal/tools/profiler/kernel_profiler.hpp:25:22: note: '#pragma message: CMP-WAIT,/localdev/ayadav/DREAMPlaceTT-Framework/DREAMPlaceTT/kernels/v28_compute_pbf.cpp,61,KERNEL_PROFILER'
/localdev/ayadav/DREAMPlaceTT-Framework/tt-metal/tt_metal/tools/profiler/kernel_profiler.hpp:25:22: note: '#pragma message: CMP-MATH,/localdev/ayadav/DREAMPlaceTT-Framework/DREAMPlaceTT/kernels/v28_compute_pbf.cpp,63,KERNEL_PROFILER'
/localdev/ayadav/DREAMPlaceTT-Framework/tt-metal/tt_metal/tools/profiler/kernel_profiler.hpp:25:22: note: '#pragma message: CMP-OUTWAIT,/localdev/ayadav/DREAMPlaceTT-Framework/DREAMPlaceTT/kernels/v28_compute_pbf.cpp,80,KERNEL_PROFILER'
/localdev/ayadav/DREAMPlaceTT-Framework/tt-metal/tt_metal/tools/profiler/kernel_profiler.hpp:25:22: note: '#pragma message: CMP-PACK,/localdev/ayadav/DREAMPlaceTT-Framework/DREAMPlaceTT/kernels/v28_compute_pbf.cpp,82,KERNEL_PROFILER'
