[v11op-bench] n_batches=1000 (each batch = 1024 cells × 64 outer products on SFPU)
2026-06-03 04:04:46.704 | info     |             UMD | Creating TopologyDiscovery for architecture: blackhole (topology_discovery.cpp:73)
2026-06-03 04:04:46.707 | warning  |             UMD | Low power mode is disabled while UMD holds open file descriptors. The device will return to low power mode once all file descriptors are closed. (topology_discovery.cpp:141)
2026-06-03 04:04:46.708 | info     |             UMD | Established firmware bundle version: 19.8.0 (topology_discovery.cpp:537)
2026-06-03 04:04:46.708 | info     |             UMD | Firmware bundle version 19.8.0 on the system is newer than the latest fully tested version 19.5.0 for blackhole architecture. Newest features may not be supported. (topology_discovery.cpp:569)
2026-06-03 04:04:46.710 | warning  |             UMD | Low power mode is disabled while UMD holds open file descriptors. The device will return to low power mode once all file descriptors are closed. (topology_discovery.cpp:141)
2026-06-03 04:04:46.714 | info     |          Device | Opening user mode device driver (tt_cluster.cpp:225)
2026-06-03 04:04:46.714 | info     |             UMD | Creating TopologyDiscovery for architecture: blackhole (topology_discovery.cpp:73)
2026-06-03 04:04:46.717 | warning  |             UMD | Low power mode is disabled while UMD holds open file descriptors. The device will return to low power mode once all file descriptors are closed. (topology_discovery.cpp:141)
2026-06-03 04:04:46.718 | info     |             UMD | Established firmware bundle version: 19.8.0 (topology_discovery.cpp:537)
2026-06-03 04:04:46.718 | info     |             UMD | Firmware bundle version 19.8.0 on the system is newer than the latest fully tested version 19.5.0 for blackhole architecture. Newest features may not be supported. (topology_discovery.cpp:569)
2026-06-03 04:04:46.720 | warning  |             UMD | Low power mode is disabled while UMD holds open file descriptors. The device will return to low power mode once all file descriptors are closed. (topology_discovery.cpp:141)
2026-06-03 04:04:46.723 | info     |             UMD | Harvesting masks for Chip 0: Tensix: 0xc0 DRAM: 0x0 ETH: 0x120 PCIe: 0x2 L2CPU: 0x0 (cluster.cpp:270)
2026-06-03 04:04:46.723 | info     |             UMD | Initializing iommu for sysmem (size: 0x40000000). (silicon_sysmem_manager.cpp:337)
2026-06-03 04:04:46.723 | info     |             UMD | Allocating sysmem for IOMMU (size: 0x40000000). (silicon_sysmem_manager.cpp:343)
2026-06-03 04:04:46.796 | info     |             UMD | Opening local chip ids/PCIe ids: {0}/[1] and remote chip ids {} (cluster.cpp:159)
2026-06-03 04:04:46.796 | info     |             UMD | IOMMU: enabled (cluster.cpp:133)
2026-06-03 04:04:46.796 | info     |             UMD | KMD version: 2.7.0 (cluster.cpp:136)
2026-06-03 04:04:46.797 | info     |             UMD | Starting devices in cluster (cluster.cpp:1042)
2026-06-03 04:04:46.807 | info     |             UMD | Mapped sysmem without hugepages to IOVA 0x40000000; NOC address 0x1000000000000000 (silicon_sysmem_manager.cpp:394)
2026-06-03 04:04:47.007 | info     |     Distributed | Using auto discovery to generate mesh graph. (metal_env.cpp:332)
2026-06-03 04:04:47.007 | info     |     Distributed | Constructing control plane using auto-discovery (no mesh graph descriptor). (metal_env.cpp:394)
2026-06-03 04:04:47.008 | info     |             UMD | Creating TopologyDiscovery for architecture: blackhole (topology_discovery.cpp:73)
2026-06-03 04:04:47.009 | warning  |             UMD | Low power mode is disabled while UMD holds open file descriptors. The device will return to low power mode once all file descriptors are closed. (topology_discovery.cpp:141)
2026-06-03 04:04:47.010 | info     |             UMD | Established firmware bundle version: 19.8.0 (topology_discovery.cpp:537)
2026-06-03 04:04:47.010 | info     |             UMD | Firmware bundle version 19.8.0 on the system is newer than the latest fully tested version 19.5.0 for blackhole architecture. Newest features may not be supported. (topology_discovery.cpp:569)
2026-06-03 04:04:47.012 | warning  |             UMD | Low power mode is disabled while UMD holds open file descriptors. The device will return to low power mode once all file descriptors are closed. (topology_discovery.cpp:141)
2026-06-03 04:04:47.016 | warning  |          Always | Unknown motherboard 'H12DSG-O-CPU' for chip_id=0 (bus_id=0x1) — defaulting tray_id to 0. Add this motherboard and its bus IDs to mobo_to_bus_ids in physical_system_discovery.cpp. (physical_system_discovery.cpp:62)
2026-06-03 04:04:47.016 | warning  |          Always | Unknown motherboard 'H12DSG-O-CPU' for chip_id=0 (bus_id=0x1) — defaulting tray_id to 0. Add this motherboard and its bus IDs to mobo_to_bus_ids in physical_system_discovery.cpp. (physical_system_discovery.cpp:62)
2026-06-03 04:04:47.017 | info     |          Fabric | TopologyMapper: Logical Multi-Mesh Adjacency Map: (topology_mapper.cpp:1474)
2026-06-03 04:04:47.017 | info     |          Fabric | 
=== Logical Mesh-Level Graph Adjacency Map ===
Total nodes: 1
Degree histogram: {0:1}
 (topology_solver.tpp:94)
2026-06-03 04:04:47.017 | info     |          Fabric | 
=== Logical Mesh 0 Internal Graph Adjacency Map ===
Total nodes: 1
Degree histogram: {0:1}
 (topology_solver.tpp:94)
2026-06-03 04:04:47.017 | info     |          Fabric | TopologyMapper: Physical Multi-Mesh Adjacency Map: (topology_mapper.cpp:1485)
2026-06-03 04:04:47.017 | info     |          Fabric | 
=== Physical Mesh-Level Graph Adjacency Map ===
Total nodes: 1
Degree histogram: {0:1}
 (topology_solver.tpp:94)
2026-06-03 04:04:47.017 | info     |          Fabric | 
=== Physical Mesh 0 Internal Graph Adjacency Map ===
Total nodes: 1
Degree histogram: {0:1}
 (topology_solver.tpp:94)
2026-06-03 04:04:47.017 | info     |          Fabric | Starting multi-mesh mapping: 1 logical mesh(es) to 1 physical mesh(es) (topology_mapper_utils.cpp:1469)
2026-06-03 04:04:47.017 | info     |          Fabric | Multi-mesh mapping attempt 1/2: Trying inter-mesh mapping (topology_mapper_utils.cpp:1510)
2026-06-03 04:04:47.017 | info     |          Fabric | Attempt 1: Inter-mesh mapping succeeded, found 1 mesh pair(s) (topology_mapper_utils.cpp:1539)
2026-06-03 04:04:47.017 | info     |          Fabric | Attempt 1: Mapping 1 mesh pair(s) (topology_mapper_utils.cpp:1547)
2026-06-03 04:04:47.017 | info     |          Fabric | Attempt 1: Mapping mesh 0 -> 0 (topology_mapper_utils.cpp:1554)
2026-06-03 04:04:47.017 | info     |          Fabric | Multi-mesh mapping succeeded after 1 attempt(s): 1 mesh pair(s) mapped (topology_mapper_utils.cpp:1686)
2026-06-03 04:04:47.029 | info     |    BuildKernels | Using pre-compiled firmware from: /localdev/ayadav/tt-work/TTPort/DREAMPlaceTT-Framework/tt-metal/tt_metal/pre-compiled/2010209910287226822/ (build_env_manager.cpp:260)
2026-06-03 04:04:57.061 | error    |           Metal | Timeout detected (metal_context.cpp:737)
2026-06-03 04:04:57.061 | info     |           Metal | Serializing Inspector RPC data (metal_context.cpp:740)
2026-06-03 04:04:57.062 | critical |          Always | TT_THROW: Device 0: Timeout (10000 ms) waiting for physical cores to finish: 28-25. (assert.hpp:104)
2026-06-03 04:04:57.064 | critical |          Always | TT_THROW: Device 0 init: failed to initialize FW! Try resetting the board. (assert.hpp:104)
terminate called after throwing an instance of 'std::runtime_error'
  what():  TT_THROW @ /localdev/ayadav/tt-work/TTPort/DREAMPlaceTT-Framework/tt-metal/tt_metal/impl/device/firmware/risc_firmware_initializer.cpp:1267: tt::exception
info:
Device 0 init: failed to initialize FW! Try resetting the board.
backtrace:
 --- void tt::assert::detail::tt_throw_impl<fmt::v11::fstring<int const&>, int>(char const*, int, char const*, char const*, fmt::v11::fstring<int const&> const&, int const&)
 --- tt::tt_metal::RiscFirmwareInitializer::initialize_and_launch_firmware(int)
 --- tt::tt_metal::RiscFirmwareInitializer::run_launch_phase(std::set<int, std::less<int>, std::allocator<int> > const&)
 --- tt::tt_metal::MetalContext::initialize(tt::tt_metal::DispatchCoreConfig const&, unsigned char, std::vector<unsigned int, std::allocator<unsigned int> > const&, unsigned long, bool)
 --- tt::tt_metal::MetalContext::initialize_device_manager(std::vector<int, std::allocator<int> > const&, unsigned char, unsigned long, unsigned long, tt::tt_metal::DispatchCoreConfig const&, std::span<unsigned int const, 18446744073709551615ul>, unsigned long, bool, bool)
 --- tt::tt_metal::experimental::CreateDevices(ttsl::StrongType<int, tt::tt_metal::ContextIdTag>, std::vector<int, std::allocator<int> > const&, unsigned char, unsigned long, unsigned long, tt::tt_metal::DispatchCoreConfig const&, std::vector<unsigned int, std::allocator<unsigned int> > const&, unsigned long, bool, bool)
 --- tt::tt_metal::distributed::MeshDeviceImpl::ScopedDevices::ScopedDevices(std::vector<tt::tt_metal::distributed::MaybeRemote<int>, std::allocator<tt::tt_metal::distributed::MaybeRemote<int> > > const&, std::vector<tt::tt_metal::distributed::MaybeRemote<int>, std::allocator<tt::tt_metal::distributed::MaybeRemote<int> > > const&, unsigned long, unsigned long, unsigned long, unsigned long, tt::tt_metal::DispatchCoreConfig const&, ttsl::StrongType<int, tt::tt_metal::ContextIdTag>)
 --- tt::tt_metal::distributed::MeshDeviceImpl::create_unit_meshes(ttsl::StrongType<int, tt::tt_metal::ContextIdTag>, std::vector<int, std::allocator<int> > const&, unsigned long, unsigned long, unsigned long, tt::tt_metal::DispatchCoreConfig const&, std::span<unsigned int const, 18446744073709551615ul>, unsigned long)
 --- tt::tt_metal::distributed::MeshDeviceImpl::create_unit_mesh(ttsl::StrongType<int, tt::tt_metal::ContextIdTag>, int, unsigned long, unsigned long, unsigned long, tt::tt_metal::DispatchCoreConfig const&, std::span<unsigned int const, 18446744073709551615ul>, unsigned long)
 --- tt::tt_metal::distributed::MeshDevice::create_unit_mesh(int, unsigned long, unsigned long, unsigned long, tt::tt_metal::DispatchCoreConfig const&, std::span<unsigned int const, 18446744073709551615ul>, unsigned long)
 --- ./host/build/v11op_bench_host(main+0x95) [0x5609bc408385]
 --- /lib/x86_64-linux-gnu/libc.so.6(+0x29d90) [0x7f7653c54d90]
 --- /lib/x86_64-linux-gnu/libc.so.6(__libc_start_main+0x80) [0x7f7653c54e40]
 --- ./host/build/v11op_bench_host(_start+0x25) [0x5609bc409535]

[bh-38-special-ayadav-for-reservation-78385:00404] *** Process received signal ***
[bh-38-special-ayadav-for-reservation-78385:00404] Signal: Aborted (6)
[bh-38-special-ayadav-for-reservation-78385:00404] Signal code:  (-6)
[bh-38-special-ayadav-for-reservation-78385:00404] [ 0] /lib/x86_64-linux-gnu/libc.so.6(+0x42520)[0x7f7653c6d520]
[bh-38-special-ayadav-for-reservation-78385:00404] [ 1] /lib/x86_64-linux-gnu/libc.so.6(pthread_kill+0x12c)[0x7f7653cc19fc]
[bh-38-special-ayadav-for-reservation-78385:00404] [ 2] /lib/x86_64-linux-gnu/libc.so.6(raise+0x16)[0x7f7653c6d476]
[bh-38-special-ayadav-for-reservation-78385:00404] [ 3] /lib/x86_64-linux-gnu/libc.so.6(abort+0xd3)[0x7f7653c537f3]
[bh-38-special-ayadav-for-reservation-78385:00404] [ 4] /lib/x86_64-linux-gnu/libstdc++.so.6(+0xa2b9e)[0x7f7653fffb9e]
[bh-38-special-ayadav-for-reservation-78385:00404] [ 5] /lib/x86_64-linux-gnu/libstdc++.so.6(+0xae20c)[0x7f765400b20c]
[bh-38-special-ayadav-for-reservation-78385:00404] [ 6] /lib/x86_64-linux-gnu/libstdc++.so.6(+0xae277)[0x7f765400b277]
[bh-38-special-ayadav-for-reservation-78385:00404] [ 7] /lib/x86_64-linux-gnu/libstdc++.so.6(+0xae4d8)[0x7f765400b4d8]
[bh-38-special-ayadav-for-reservation-78385:00404] [ 8] /localdev/ayadav/tt-work/TTPort/DREAMPlaceTT-Framework/tt-metal/build_Release/lib/libtt_metal.so(_ZN2tt6assert6detail13tt_throw_implIJN3fmt3v117fstringIJRKiEEEiEEEvPKciSA_SA_DpRKT_+0x4aa)[0x7f7654de9faa]
[bh-38-special-ayadav-for-reservation-78385:00404] [ 9] /localdev/ayadav/tt-work/TTPort/DREAMPlaceTT-Framework/tt-metal/build_Release/lib/libtt_metal.so(_ZN2tt6assert6detail13tt_throw_implIJN3fmt3v117fstringIJRKiEEEiEEEvPKciSA_SA_DpRKT_+0x0)[0x7f7654de9b00]
[bh-38-special-ayadav-for-reservation-78385:00404] [10] /localdev/ayadav/tt-work/TTPort/DREAMPlaceTT-Framework/tt-metal/build_Release/lib/libtt_metal.so(_ZN2tt8tt_metal23RiscFirmwareInitializer30initialize_and_launch_firmwareEi+0x16e8)[0x7f765509e768]
[bh-38-special-ayadav-for-reservation-78385:00404] [11] /localdev/ayadav/tt-work/TTPort/DREAMPlaceTT-Framework/tt-metal/build_Release/lib/libtt_metal.so(_ZN2tt8tt_metal23RiscFirmwareInitializer16run_launch_phaseERKSt3setIiSt4lessIiESaIiEE+0xf6)[0x7f765509c2b6]
[bh-38-special-ayadav-for-reservation-78385:00404] [12] /localdev/ayadav/tt-work/TTPort/DREAMPlaceTT-Framework/tt-metal/build_Release/lib/libtt_metal.so(_ZN2tt8tt_metal12MetalContext10initializeERKNS0_18DispatchCoreConfigEhRKSt6vectorIjSaIjEEmb+0xd97)[0x7f76550b67e7]
[bh-38-special-ayadav-for-reservation-78385:00404] [13] /localdev/ayadav/tt-work/TTPort/DREAMPlaceTT-Framework/tt-metal/build_Release/lib/libtt_metal.so(_ZN2tt8tt_metal12MetalContext25initialize_device_managerERKSt6vectorIiSaIiEEhmmRKNS0_18DispatchCoreConfigESt4spanIKjLm18446744073709551615EEmbb+0xa4)[0x7f76550b59c4]
[bh-38-special-ayadav-for-reservation-78385:00404] [14] /localdev/ayadav/tt-work/TTPort/DREAMPlaceTT-Framework/tt-metal/build_Release/lib/libtt_metal.so(_ZN2tt8tt_metal12experimental13CreateDevicesEN4ttsl10StrongTypeIiNS0_12ContextIdTagEEERKSt6vectorIiSaIiEEhmmRKNS0_18DispatchCoreConfigERKS6_IjSaIjEEmbb+0x10e)[0x7f7655520f6e]
[bh-38-special-ayadav-for-reservation-78385:00404] [15] /localdev/ayadav/tt-work/TTPort/DREAMPlaceTT-Framework/tt-metal/build_Release/lib/libtt_metal.so(_ZN2tt8tt_metal11distributed14MeshDeviceImpl13ScopedDevicesC2ERKSt6vectorINS1_11MaybeRemoteIiEESaIS6_EESA_mmmmRKNS0_18DispatchCoreConfigEN4ttsl10StrongTypeIiNS0_12ContextIdTagEEE+0xc2)[0x7f7655217cc2]
[bh-38-special-ayadav-for-reservation-78385:00404] [16] /localdev/ayadav/tt-work/TTPort/DREAMPlaceTT-Framework/tt-metal/build_Release/lib/libtt_metal.so(_ZN2tt8tt_metal11distributed14MeshDeviceImpl18create_unit_meshesEN4ttsl10StrongTypeIiNS0_12ContextIdTagEEERKSt6vectorIiSaIiEEmmmRKNS0_18DispatchCoreConfigESt4spanIKjLm18446744073709551615EEm+0x488)[0x7f765521b958]
[bh-38-special-ayadav-for-reservation-78385:00404] [17] /localdev/ayadav/tt-work/TTPort/DREAMPlaceTT-Framework/tt-metal/build_Release/lib/libtt_metal.so(_ZN2tt8tt_metal11distributed14MeshDeviceImpl16create_unit_meshEN4ttsl10StrongTypeIiNS0_12ContextIdTagEEEimmmRKNS0_18DispatchCoreConfigESt4spanIKjLm18446744073709551615EEm+0x74)[0x7f765521c604]
[bh-38-special-ayadav-for-reservation-78385:00404] [18] /localdev/ayadav/tt-work/TTPort/DREAMPlaceTT-Framework/tt-metal/build_Release/lib/libtt_metal.so(_ZN2tt8tt_metal11distributed10MeshDevice16create_unit_meshEimmmRKNS0_18DispatchCoreConfigESt4spanIKjLm18446744073709551615EEm+0x39)[0x7f765521c529]
[bh-38-special-ayadav-for-reservation-78385:00404] [19] ./host/build/v11op_bench_host(main+0x95)[0x5609bc408385]
[bh-38-special-ayadav-for-reservation-78385:00404] [20] /lib/x86_64-linux-gnu/libc.so.6(+0x29d90)[0x7f7653c54d90]
[bh-38-special-ayadav-for-reservation-78385:00404] [21] /lib/x86_64-linux-gnu/libc.so.6(__libc_start_main+0x80)[0x7f7653c54e40]
[bh-38-special-ayadav-for-reservation-78385:00404] [22] ./host/build/v11op_bench_host(_start+0x25)[0x5609bc409535]
[bh-38-special-ayadav-for-reservation-78385:00404] *** End of error message ***
timeout: the monitored command dumped core
