2026-06-03 03:26:28.298 | info     |             UMD | Creating TopologyDiscovery for architecture: blackhole (topology_discovery.cpp:73)
2026-06-03 03:26:28.301 | warning  |             UMD | Low power mode is disabled while UMD holds open file descriptors. The device will return to low power mode once all file descriptors are closed. (topology_discovery.cpp:141)
2026-06-03 03:26:28.302 | info     |             UMD | Established firmware bundle version: 19.8.0 (topology_discovery.cpp:537)
2026-06-03 03:26:28.302 | info     |             UMD | Firmware bundle version 19.8.0 on the system is newer than the latest fully tested version 19.5.0 for blackhole architecture. Newest features may not be supported. (topology_discovery.cpp:569)
2026-06-03 03:26:28.305 | warning  |             UMD | Low power mode is disabled while UMD holds open file descriptors. The device will return to low power mode once all file descriptors are closed. (topology_discovery.cpp:141)
2026-06-03 03:26:28.309 | info     |          Device | Opening user mode device driver (tt_cluster.cpp:225)
2026-06-03 03:26:28.309 | info     |             UMD | Creating TopologyDiscovery for architecture: blackhole (topology_discovery.cpp:73)
2026-06-03 03:26:28.311 | warning  |             UMD | Low power mode is disabled while UMD holds open file descriptors. The device will return to low power mode once all file descriptors are closed. (topology_discovery.cpp:141)
2026-06-03 03:26:28.312 | info     |             UMD | Established firmware bundle version: 19.8.0 (topology_discovery.cpp:537)
2026-06-03 03:26:28.312 | info     |             UMD | Firmware bundle version 19.8.0 on the system is newer than the latest fully tested version 19.5.0 for blackhole architecture. Newest features may not be supported. (topology_discovery.cpp:569)
2026-06-03 03:26:28.314 | warning  |             UMD | Low power mode is disabled while UMD holds open file descriptors. The device will return to low power mode once all file descriptors are closed. (topology_discovery.cpp:141)
2026-06-03 03:26:28.317 | info     |             UMD | Harvesting masks for Chip 0: Tensix: 0xc0 DRAM: 0x0 ETH: 0x120 PCIe: 0x2 L2CPU: 0x0 (cluster.cpp:270)
2026-06-03 03:26:28.317 | info     |             UMD | Initializing iommu for sysmem (size: 0x40000000). (silicon_sysmem_manager.cpp:337)
2026-06-03 03:26:28.317 | info     |             UMD | Allocating sysmem for IOMMU (size: 0x40000000). (silicon_sysmem_manager.cpp:343)
2026-06-03 03:26:28.389 | info     |             UMD | Opening local chip ids/PCIe ids: {0}/[1] and remote chip ids {} (cluster.cpp:159)
2026-06-03 03:26:28.389 | info     |             UMD | IOMMU: enabled (cluster.cpp:133)
2026-06-03 03:26:28.389 | info     |             UMD | KMD version: 2.7.0 (cluster.cpp:136)
2026-06-03 03:26:28.391 | info     |             UMD | Starting devices in cluster (cluster.cpp:1042)
2026-06-03 03:26:28.400 | info     |             UMD | Mapped sysmem without hugepages to IOVA 0x40000000; NOC address 0x1000000000000000 (silicon_sysmem_manager.cpp:394)
2026-06-03 03:26:28.608 | info     |     Distributed | Using auto discovery to generate mesh graph. (metal_env.cpp:332)
2026-06-03 03:26:28.608 | info     |     Distributed | Constructing control plane using auto-discovery (no mesh graph descriptor). (metal_env.cpp:394)
2026-06-03 03:26:28.608 | info     |             UMD | Creating TopologyDiscovery for architecture: blackhole (topology_discovery.cpp:73)
2026-06-03 03:26:28.610 | warning  |             UMD | Low power mode is disabled while UMD holds open file descriptors. The device will return to low power mode once all file descriptors are closed. (topology_discovery.cpp:141)
2026-06-03 03:26:28.611 | info     |             UMD | Established firmware bundle version: 19.8.0 (topology_discovery.cpp:537)
2026-06-03 03:26:28.611 | info     |             UMD | Firmware bundle version 19.8.0 on the system is newer than the latest fully tested version 19.5.0 for blackhole architecture. Newest features may not be supported. (topology_discovery.cpp:569)
2026-06-03 03:26:28.613 | warning  |             UMD | Low power mode is disabled while UMD holds open file descriptors. The device will return to low power mode once all file descriptors are closed. (topology_discovery.cpp:141)
2026-06-03 03:26:28.616 | warning  |          Always | Unknown motherboard 'H12DSG-O-CPU' for chip_id=0 (bus_id=0x1) — defaulting tray_id to 0. Add this motherboard and its bus IDs to mobo_to_bus_ids in physical_system_discovery.cpp. (physical_system_discovery.cpp:62)
2026-06-03 03:26:28.617 | warning  |          Always | Unknown motherboard 'H12DSG-O-CPU' for chip_id=0 (bus_id=0x1) — defaulting tray_id to 0. Add this motherboard and its bus IDs to mobo_to_bus_ids in physical_system_discovery.cpp. (physical_system_discovery.cpp:62)
2026-06-03 03:26:28.617 | info     |          Fabric | TopologyMapper: Logical Multi-Mesh Adjacency Map: (topology_mapper.cpp:1474)
2026-06-03 03:26:28.617 | info     |          Fabric | 
=== Logical Mesh-Level Graph Adjacency Map ===
Total nodes: 1
Degree histogram: {0:1}
 (topology_solver.tpp:94)
2026-06-03 03:26:28.617 | info     |          Fabric | 
=== Logical Mesh 0 Internal Graph Adjacency Map ===
Total nodes: 1
Degree histogram: {0:1}
 (topology_solver.tpp:94)
2026-06-03 03:26:28.617 | info     |          Fabric | TopologyMapper: Physical Multi-Mesh Adjacency Map: (topology_mapper.cpp:1485)
2026-06-03 03:26:28.617 | info     |          Fabric | 
=== Physical Mesh-Level Graph Adjacency Map ===
Total nodes: 1
Degree histogram: {0:1}
 (topology_solver.tpp:94)
2026-06-03 03:26:28.617 | info     |          Fabric | 
=== Physical Mesh 0 Internal Graph Adjacency Map ===
Total nodes: 1
Degree histogram: {0:1}
 (topology_solver.tpp:94)
2026-06-03 03:26:28.617 | info     |          Fabric | Starting multi-mesh mapping: 1 logical mesh(es) to 1 physical mesh(es) (topology_mapper_utils.cpp:1469)
2026-06-03 03:26:28.617 | info     |          Fabric | Multi-mesh mapping attempt 1/2: Trying inter-mesh mapping (topology_mapper_utils.cpp:1510)
2026-06-03 03:26:28.617 | info     |          Fabric | Attempt 1: Inter-mesh mapping succeeded, found 1 mesh pair(s) (topology_mapper_utils.cpp:1539)
2026-06-03 03:26:28.617 | info     |          Fabric | Attempt 1: Mapping 1 mesh pair(s) (topology_mapper_utils.cpp:1547)
2026-06-03 03:26:28.617 | info     |          Fabric | Attempt 1: Mapping mesh 0 -> 0 (topology_mapper_utils.cpp:1554)
2026-06-03 03:26:28.617 | info     |          Fabric | Multi-mesh mapping succeeded after 1 attempt(s): 1 mesh pair(s) mapped (topology_mapper_utils.cpp:1686)
2026-06-03 03:26:28.628 | info     |    BuildKernels | Using pre-compiled firmware from: /localdev/ayadav/tt-work/TTPort/DREAMPlaceTT-Framework/tt-metal/tt_metal/pre-compiled/2010209910287226822/ (build_env_manager.cpp:260)
2026-06-03 03:26:29.369 | info     |           Metal | [Real-time profiler] Device 0 sync complete: 100 samples, frequency=1.349935 GHz, device_time_at_sync=72899044313 cycles (realtime_profiler_manager.cpp:1082)
[v26] grouping split: field-shard(artifact)=13.163 ms  cell-bucket(real)=13.149 ms
[v26] H=2048 W=2048 ncells=540000 nc=110 band=320KB mc=6144 nbat_max=6  GROUPING(host,fp32)=26.313 ms
[v26] chip(3-kernel)=0.783 ms  grouping(host)=26.313 ms  TOTAL=27.096 ms  (CPU EF ~5-7 ms)
[v26] accuracy: max_abs=2.13851e-07 rel_l2=4.56586e-08 nbad=0
V26_RESULT,2048,2048,540000,0.783,26.313,27.096,4.56586e-08
2026-06-03 03:26:30.977 | info     |    BuildKernels | JIT cache stats: 8/13 hits (61.5%) [8 cached, 0 build-once dedup, 0 merged artifacts, 0 merged genfiles] (build_cache_telemetry.cpp:207)
2026-06-03 03:26:30.977 | info     |    BuildKernels | JIT telemetry: 3 registered TelemetryTokens (build_cache_telemetry.cpp:230)
2026-06-03 03:26:30.977 | info     |    BuildKernels | JIT telemetry [dependencies_up_to_date]: count=16, total=22.438ms, min=0.036ms, max=4.448ms, mean=1.402ms (build_cache_telemetry.cpp:246)
2026-06-03 03:26:30.977 | info     |    BuildKernels | JIT telemetry [JitBuildState::build]: count=13, total=4557.932ms, min=1.124ms, max=1301.820ms, mean=350.610ms (build_cache_telemetry.cpp:246)
2026-06-03 03:26:30.977 | info     |    BuildKernels | JIT telemetry [jit_build]: count=7, total=1285.778ms, min=1.124ms, max=713.137ms, mean=183.683ms (build_cache_telemetry.cpp:246)
2026-06-03 03:26:30.989 | info     |          Device | Closing user mode device drivers (tt_cluster.cpp:496)
2026-06-03 03:26:30.989 | info     |             UMD | Closing devices in cluster (cluster.cpp:1054)
